Archive member included to satisfy reference by file (symbol)

C:/ST/STM32CubeIDE_1.15.1/STM32CubeIDE/plugins/com.st.stm32cube.ide.mcu.externaltools.gnu-tools-for-stm32.12.3.rel1.win32_1.0.100.202403111256/tools/bin/../lib/gcc/arm-none-eabi/12.3.1/../../../../arm-none-eabi/lib/thumb/v7e-m+dp/hard\libc_nano.a(libc_a-exit.o)
                              C:/ST/STM32CubeIDE_1.15.1/STM32CubeIDE/plugins/com.st.stm32cube.ide.mcu.externaltools.gnu-tools-for-stm32.12.3.rel1.win32_1.0.100.202403111256/tools/bin/../lib/gcc/arm-none-eabi/12.3.1/../../../../arm-none-eabi/lib/thumb/v7e-m+dp/hard/crt0.o (exit)
C:/ST/STM32CubeIDE_1.15.1/STM32CubeIDE/plugins/com.st.stm32cube.ide.mcu.externaltools.gnu-tools-for-stm32.12.3.rel1.win32_1.0.100.202403111256/tools/bin/../lib/gcc/arm-none-eabi/12.3.1/../../../../arm-none-eabi/lib/thumb/v7e-m+dp/hard\libc_nano.a(libc_a-findfp.o)
                              C:/ST/STM32CubeIDE_1.15.1/STM32CubeIDE/plugins/com.st.stm32cube.ide.mcu.externaltools.gnu-tools-for-stm32.12.3.rel1.win32_1.0.100.202403111256/tools/bin/../lib/gcc/arm-none-eabi/12.3.1/../../../../arm-none-eabi/lib/thumb/v7e-m+dp/hard\libc_nano.a(libc_a-exit.o) (__stdio_exit_handler)
C:/ST/STM32CubeIDE_1.15.1/STM32CubeIDE/plugins/com.st.stm32cube.ide.mcu.externaltools.gnu-tools-for-stm32.12.3.rel1.win32_1.0.100.202403111256/tools/bin/../lib/gcc/arm-none-eabi/12.3.1/../../../../arm-none-eabi/lib/thumb/v7e-m+dp/hard\libc_nano.a(libc_a-fwalk.o)
                              C:/ST/STM32CubeIDE_1.15.1/STM32CubeIDE/plugins/com.st.stm32cube.ide.mcu.externaltools.gnu-tools-for-stm32.12.3.rel1.win32_1.0.100.202403111256/tools/bin/../lib/gcc/arm-none-eabi/12.3.1/../../../../arm-none-eabi/lib/thumb/v7e-m+dp/hard\libc_nano.a(libc_a-findfp.o) (_fwalk_sglue)
C:/ST/STM32CubeIDE_1.15.1/STM32CubeIDE/plugins/com.st.stm32cube.ide.mcu.externaltools.gnu-tools-for-stm32.12.3.rel1.win32_1.0.100.202403111256/tools/bin/../lib/gcc/arm-none-eabi/12.3.1/../../../../arm-none-eabi/lib/thumb/v7e-m+dp/hard\libc_nano.a(libc_a-stdio.o)
                              C:/ST/STM32CubeIDE_1.15.1/STM32CubeIDE/plugins/com.st.stm32cube.ide.mcu.externaltools.gnu-tools-for-stm32.12.3.rel1.win32_1.0.100.202403111256/tools/bin/../lib/gcc/arm-none-eabi/12.3.1/../../../../arm-none-eabi/lib/thumb/v7e-m+dp/hard\libc_nano.a(libc_a-findfp.o) (__sread)
C:/ST/STM32CubeIDE_1.15.1/STM32CubeIDE/plugins/com.st.stm32cube.ide.mcu.externaltools.gnu-tools-for-stm32.12.3.rel1.win32_1.0.100.202403111256/tools/bin/../lib/gcc/arm-none-eabi/12.3.1/../../../../arm-none-eabi/lib/thumb/v7e-m+dp/hard\libc_nano.a(libc_a-memset.o)
                              C:/ST/STM32CubeIDE_1.15.1/STM32CubeIDE/plugins/com.st.stm32cube.ide.mcu.externaltools.gnu-tools-for-stm32.12.3.rel1.win32_1.0.100.202403111256/tools/bin/../lib/gcc/arm-none-eabi/12.3.1/../../../../arm-none-eabi/lib/thumb/v7e-m+dp/hard/crt0.o (memset)
C:/ST/STM32CubeIDE_1.15.1/STM32CubeIDE/plugins/com.st.stm32cube.ide.mcu.externaltools.gnu-tools-for-stm32.12.3.rel1.win32_1.0.100.202403111256/tools/bin/../lib/gcc/arm-none-eabi/12.3.1/../../../../arm-none-eabi/lib/thumb/v7e-m+dp/hard\libc_nano.a(libc_a-closer.o)
                              C:/ST/STM32CubeIDE_1.15.1/STM32CubeIDE/plugins/com.st.stm32cube.ide.mcu.externaltools.gnu-tools-for-stm32.12.3.rel1.win32_1.0.100.202403111256/tools/bin/../lib/gcc/arm-none-eabi/12.3.1/../../../../arm-none-eabi/lib/thumb/v7e-m+dp/hard\libc_nano.a(libc_a-stdio.o) (_close_r)
C:/ST/STM32CubeIDE_1.15.1/STM32CubeIDE/plugins/com.st.stm32cube.ide.mcu.externaltools.gnu-tools-for-stm32.12.3.rel1.win32_1.0.100.202403111256/tools/bin/../lib/gcc/arm-none-eabi/12.3.1/../../../../arm-none-eabi/lib/thumb/v7e-m+dp/hard\libc_nano.a(libc_a-reent.o)
                              C:/ST/STM32CubeIDE_1.15.1/STM32CubeIDE/plugins/com.st.stm32cube.ide.mcu.externaltools.gnu-tools-for-stm32.12.3.rel1.win32_1.0.100.202403111256/tools/bin/../lib/gcc/arm-none-eabi/12.3.1/../../../../arm-none-eabi/lib/thumb/v7e-m+dp/hard\libc_nano.a(libc_a-closer.o) (errno)
C:/ST/STM32CubeIDE_1.15.1/STM32CubeIDE/plugins/com.st.stm32cube.ide.mcu.externaltools.gnu-tools-for-stm32.12.3.rel1.win32_1.0.100.202403111256/tools/bin/../lib/gcc/arm-none-eabi/12.3.1/../../../../arm-none-eabi/lib/thumb/v7e-m+dp/hard\libc_nano.a(libc_a-impure.o)
                              C:/ST/STM32CubeIDE_1.15.1/STM32CubeIDE/plugins/com.st.stm32cube.ide.mcu.externaltools.gnu-tools-for-stm32.12.3.rel1.win32_1.0.100.202403111256/tools/bin/../lib/gcc/arm-none-eabi/12.3.1/../../../../arm-none-eabi/lib/thumb/v7e-m+dp/hard\libc_nano.a(libc_a-reent.o) (_impure_ptr)
C:/ST/STM32CubeIDE_1.15.1/STM32CubeIDE/plugins/com.st.stm32cube.ide.mcu.externaltools.gnu-tools-for-stm32.12.3.rel1.win32_1.0.100.202403111256/tools/bin/../lib/gcc/arm-none-eabi/12.3.1/../../../../arm-none-eabi/lib/thumb/v7e-m+dp/hard\libc_nano.a(libc_a-lseekr.o)
[...]
Memory Configuration

Name             Origin             Length             Attributes
RAM              0x20000000         0x00080000         xrw
FLASH            0x08000000         0x00200000         xr
*default*        0x00000000         0xffffffff

Linker script and memory map

LOAD C:/ST/STM32CubeIDE_1.15.1/STM32CubeIDE/plugins/com.st.stm32cube.ide.mcu.externaltools.gnu-tools-for-stm32.12.3.rel1.win32_1.0.100.202403111256/tools/bin/../lib/gcc/arm-none-eabi/12.3.1/thumb/v7e-m+dp/hard/crti.o
LOAD C:/ST/STM32CubeIDE_1.15.1/STM32CubeIDE/plugins/com.st.stm32cube.ide.mcu.externaltools.gnu-tools-for-stm32.12.3.rel1.win32_1.0.100.202403111256/tools/bin/../lib/gcc/arm-none-eabi/12.3.1/thumb/v7e-m+dp/hard/crtbegin.o
LOAD C:/ST/STM32CubeIDE_1.15.1/STM32CubeIDE/plugins/com.st.stm32cube.ide.mcu.externaltools.gnu-tools-for-stm32.12.3.rel1.win32_1.0.100.202403111256/tools/bin/../lib/gcc/arm-none-eabi/12.3.1/../../../../arm-none-eabi/lib/thumb/v7e-m+dp/hard/crt0.o
LOAD ./Core/Src/adc.o
LOAD ./Core/Src/can.o
LOAD ./Core/Src/can_driver.o
LOAD ./Core/Src/dma.o
LOAD ./Core/Src/freertos.o
LOAD ./Core/Src/gpio.o
LOAD ./Core/Src/main.o
LOAD ./Core/Src/stm32f7xx_hal_msp.o
LOAD ./Core/Src/stm32f7xx_it.o
LOAD ./Core/Src/syscalls.o
LOAD ./Core/Src/sysmem.o
LOAD ./Core/Src/system_stm32f7xx.o
LOAD ./Core/Src/temp_sensing.o
LOAD ./Core/Src/tim.o
LOAD ./Core/Startup/startup_stm32f767zitx.o
LOAD ./Drivers/STM32F7xx_HAL_Driver/Src/stm32f7xx_hal.o
LOAD ./Drivers/STM32F7xx_HAL_Driver/Src/stm32f7xx_hal_adc.o
LOAD ./Drivers/STM32F7xx_HAL_Driver/Src/stm32f7xx_hal_adc_ex.o
LOAD ./Drivers/STM32F7xx_HAL_Driver/Src/stm32f7xx_hal_can.o
LOAD ./Drivers/STM32F7xx_HAL_Driver/Src/stm32f7xx_hal_cortex.o
LOAD ./Drivers/STM32F7xx_HAL_Driver/Src/stm32f7xx_hal_dma.o
LOAD ./Drivers/STM32F7xx_HAL_Driver/Src/stm32f7xx_hal_dma_ex.o
LOAD ./Drivers/STM32F7xx_HAL_Driver/Src/stm32f7xx_hal_exti.o
LOAD ./Drivers/STM32F7xx_HAL_Driver/Src/stm32f7xx_hal_flash.o
LOAD ./Drivers/STM32F7xx_HAL_Driver/Src/stm32f7xx_hal_flash_ex.o
LOAD ./Drivers/STM32F7xx_HAL_Driver/Src/stm32f7xx_hal_gpio.o
LOAD ./Drivers/STM32F7xx_HAL_Driver/Src/stm32f7xx_hal_i2c.o
LOAD ./Drivers/STM32F7xx_HAL_Driver/Src/stm32f7xx_hal_i2c_ex.o
LOAD ./Drivers/STM32F7xx_HAL_Driver/Src/stm32f7xx_hal_pwr.o
LOAD ./Drivers/STM32F7xx_HAL_Driver/Src/stm32f7xx_hal_pwr_ex.o
LOAD ./Drivers/STM32F7xx_HAL_Driver/Src/stm32f7xx_hal_rcc.o
LOAD ./Drivers/STM32F7xx_HAL_Driver/Src/stm32f7xx_hal_rcc_ex.o
LOAD ./Drivers/STM32F7xx_HAL_Driver/Src/stm32f7xx_hal_tim.o
LOAD ./Drivers/STM32F7xx_HAL_Driver/Src/stm32f7xx_hal_tim_ex.o
LOAD ./Middlewares/Third_Party/FreeRTOS/Source/CMSIS_RTOS_V2/cmsis_os2.o
LOAD ./Middlewares/Third_Party/FreeRTOS/Source/croutine.o
LOAD ./Middlewares/Third_Party/FreeRTOS/Source/event_groups.o
LOAD ./Middlewares/Third_Party/FreeRTOS/Source/list.o
LOAD ./Middlewares/Third_Party/FreeRTOS/Source/queue.o
LOAD ./Middlewares/Third_Party/FreeRTOS/Source/stream_buffer.o
LOAD ./Middlewares/Third_Party/FreeRTOS/Source/tasks.o
LOAD ./Middlewares/Third_Party/FreeRTOS/Source/timers.o
LOAD ./Middlewares/Third_Party/FreeRTOS/Source/portable/GCC/ARM_CM7/r0p1/port.o
LOAD ./Middlewares/Third_Party/FreeRTOS/Source/portable/MemMang/heap_4.o
START GROUP
LOAD C:/ST/STM32CubeIDE_1.15.1/STM32CubeIDE/plugins/com.st.stm32cube.ide.mcu.externaltools.gnu-tools-for-stm32.12.3.rel1.win32_1.0.100.202403111256/tools/bin/../lib/gcc/arm-none-eabi/12.3.1/../../../../arm-none-eabi/lib/thumb/v7e-m+dp/hard\libc_nano.a
LOAD C:/ST/STM32CubeIDE_1.15.1/STM32CubeIDE/plugins/com.st.stm32cube.ide.mcu.externaltools.gnu-tools-for-stm32.12.3.rel1.win32_1.0.100.202403111256/tools/bin/../lib/gcc/arm-none-eabi/12.3.1/../../../../arm-none-eabi/lib/thumb/v7e-m+dp/hard\libm.a
END GROUP
START GROUP
LOAD C:/ST/STM32CubeIDE_1.15.1/STM32CubeIDE/plugins/com.st.stm32cube.ide.mcu.externaltools.gnu-tools-for-stm32.12.3.rel1.win32_1.0.100.202403111256/tools/bin/../lib/gcc/arm-none-eabi/12.3.1/thumb/v7e-m+dp/hard\libgcc.a
LOAD C:/ST/STM32CubeIDE_1.15.1/STM32CubeIDE/plugins/com.st.stm32cube.ide.mcu.externaltools.gnu-tools-for-stm32.12.3.rel1.win32_1.0.100.202403111256/tools/bin/../lib/gcc/arm-none-eabi/12.3.1/../../../../arm-none-eabi/lib/thumb/v7e-m+dp/hard\libc_nano.a
END GROUP
START GROUP
LOAD C:/ST/STM32CubeIDE_1.15.1/STM32CubeIDE/plugins/com.st.stm32cube.ide.mcu.externaltools.gnu-tools-for-stm32.12.3.rel1.win32_1.0.100.202403111256/tools/bin/../lib/gcc/arm-none-eabi/12.3.1/thumb/v7e-m+dp/hard\libgcc.a
LOAD C:/ST/STM32CubeIDE_1.15.1/STM32CubeIDE/plugins/com.st.stm32cube.ide.mcu.externaltools.gnu-tools-for-stm32.12.3.rel1.win32_1.0.100.202403111256/tools/bin/../lib/gcc/arm-none-eabi/12.3.1/../../../../arm-none-eabi/lib/thumb/v7e-m+dp/hard\libc_nano.a
LOAD C:/ST/STM32CubeIDE_1.15.1/STM32CubeIDE/plugins/com.st.stm32cube.ide.mcu.externaltools.gnu-tools-for-stm32.12.3.rel1.win32_1.0.100.202403111256/tools/bin/../lib/gcc/arm-none-eabi/12.3.1/../../../../arm-none-eabi/lib/thumb/v7e-m+dp/hard\libnosys.a
END GROUP
START GROUP
LOAD C:/ST/STM32CubeIDE_1.15.1/STM32CubeIDE/plugins/com.st.stm32cube.ide.mcu.externaltools.gnu-tools-for-stm32.12.3.rel1.win32_1.0.100.202403111256/tools/bin/../lib/gcc/arm-none-eabi/12.3.1/thumb/v7e-m+dp/hard\libgcc.a
LOAD C:/ST/STM32CubeIDE_1.15.1/STM32CubeIDE/plugins/com.st.stm32cube.ide.mcu.externaltools.gnu-tools-for-stm32.12.3.rel1.win32_1.0.100.202403111256/tools/bin/../lib/gcc/arm-none-eabi/12.3.1/../../../../arm-none-eabi/lib/thumb/v7e-m+dp/hard\libc_nano.a
LOAD C:/ST/STM32CubeIDE_1.15.1/STM32CubeIDE/plugins/com.st.stm32cube.ide.mcu.externaltools.gnu-tools-for-stm32.12.3.rel1.win32_1.0.100.202403111256/tools/bin/../lib/gcc/arm-none-eabi/12.3.1/../../../../arm-none-eabi/lib/thumb/v7e-m+dp/hard\libnosys.a
END GROUP
LOAD C:/ST/STM32CubeIDE_1.15.1/STM32CubeIDE/plugins/com.st.stm32cube.ide.mcu.externaltools.gnu-tools-for-stm32.12.3.rel1.win32_1.0.100.202403111256/tools/bin/../lib/gcc/arm-none-eabi/12.3.1/thumb/v7e-m+dp/hard/crtend.o
LOAD C:/ST/STM32CubeIDE_1.15.1/STM32CubeIDE/plugins/com.st.stm32cube.ide.mcu.externaltools.gnu-tools-for-stm32.12.3.rel1.win32_1.0.100.202403111256/tools/bin/../lib/gcc/arm-none-eabi/12.3.1/thumb/v7e-m+dp/hard/crtn.o
                0x20080000                        _estack = (ORIGIN (RAM) + LENGTH (RAM))
                0x00000200                        _Min_Heap_Size = 0x200
                0x00000400                        _Min_Stack_Size = 0x400

.isr_vector     0x08000000      0x1f8
                0x08000000                        . = ALIGN (0x4)
 *(.isr_vector)
 .isr_vector    0x08000000      0x1f8 ./Core/Startup/startup_stm32f767zitx.o
                0x08000000                g_pfnVectors
                0x080001f8                        . = ALIGN (0x4)

.text           0x08000200     0x8910
                0x08000200                        . = ALIGN (0x4)
 *(.text)
 .text          0x08000200       0x40 C:/ST/STM32CubeIDE_1.15.1/STM32CubeIDE/plugins/com.st.stm32cube.ide.mcu.externaltools.gnu-tools-for-stm32.12.3.rel1.win32_1.0.100.202403111256/tools/bin/../lib/gcc/arm-none-eabi/12.3.1/thumb/v7e-m+dp/hard/crtbegin.o
 .text          0x08000240       0x30 C:/ST/STM32CubeIDE_1.15.1/STM32CubeIDE/plugins/com.st.stm32cube.ide.mcu.externaltools.gnu-tools-for-stm32.12.3.rel1.win32_1.0.100.202403111256/tools/bin/../lib/gcc/arm-none-eabi/12.3.1/thumb/v7e-m+dp/hard\libgcc.a(_aeabi_uldivmod.o)
                0x08000240                __aeabi_uldivmod
 .text          0x08000270      0x2bc C:/ST/STM32CubeIDE_1.15.1/STM32CubeIDE/plugins/com.st.stm32cube.ide.mcu.externaltools.gnu-tools-for-stm32.12.3.rel1.win32_1.0.100.202403111256/tools/bin/../lib/gcc/arm-none-eabi/12.3.1/thumb/v7e-m+dp/hard\libgcc.a(_udivmoddi4.o)
                0x08000270                __udivmoddi4
 .text          0x0800052c        0x4 C:/ST/STM32CubeIDE_1.15.1/STM32CubeIDE/plugins/com.st.stm32cube.ide.mcu.externaltools.gnu-tools-for-stm32.12.3.rel1.win32_1.0.100.202403111256/tools/bin/../lib/gcc/arm-none-eabi/12.3.1/thumb/v7e-m+dp/hard\libgcc.a(_dvmd_tls.o)
                0x0800052c                __aeabi_idiv0
                0x0800052c                __aeabi_ldiv0
 *(.text*)
 .text.MX_ADC1_Init
                0x08000530       0xa4 ./Core/Src/adc.o
                0x08000530                MX_ADC1_Init
 .text.MX_ADC3_Init
                0x080005d4      0x130 ./Core/Src/adc.o
                0x080005d4                MX_ADC3_Init
 .text.HAL_ADC_MspInit
                0x08000704      0x1ac ./Core/Src/adc.o
                0x08000704                HAL_ADC_MspInit
 .text.MX_CAN2_Init
                0x080008b0       0x68 ./Core/Src/can.o
                0x080008b0                MX_CAN2_Init
 .text.MX_CAN3_Init
                0x08000918       0x68 ./Core/Src/can.o
                0x08000918                MX_CAN3_Init
 .text.HAL_CAN_MspInit
                0x08000980      0x100 ./Core/Src/can.o
                0x08000980                HAL_CAN_MspInit
 .text.CAN_frame_init
                0x08000a80       0x4a ./Core/Src/can_driver.o
                0x08000a80                CAN_frame_init
 *fill*         0x08000aca        0x2 
 .text.CAN_send_frame
                0x08000acc       0x54 ./Core/Src/can_driver.o
                0x08000acc                CAN_send_frame
 .text.CAN_set_segment
                0x08000b20       0x78 ./Core/Src/can_driver.o
                0x08000b20                CAN_set_segment
 .text.MX_DMA_Init
                0x08000b98       0x3c ./Core/Src/dma.o
                0x08000b98                MX_DMA_Init
 .text.MX_FREERTOS_Init
                0x08000bd4       0x8c ./Core/Src/freertos.o
                0x08000bd4                MX_FREERTOS_Init
 .text.StartDefaultTask
                0x08000c60       0x10 ./Core/Src/freertos.o
                0x08000c60                StartDefaultTask
 .text.StartTemp_Sense
                0x08000c70       0x7c ./Core/Src/freertos.o
                0x08000c70                StartTemp_Sense
 .text.StartCan_Transmitter
                0x08000cec      0x104 ./Core/Src/freertos.o
                0x08000cec                StartCan_Transmitter
 .text.MX_GPIO_Init
                0x08000df0      0x2b0 ./Core/Src/gpio.o
                0x08000df0                MX_GPIO_Init
 .text.main     0x080010a0       0x64 ./Core/Src/main.o
                0x080010a0                main
 .text.SystemClock_Config
                0x08001104       0xe4 ./Core/Src/main.o
                0x08001104                SystemClock_Config
 .text.Error_Handler
                0x080011e8        0xc ./Core/Src/main.o
                0x080011e8                Error_Handler
 .text.HAL_MspInit
                0x080011f4       0x50 ./Core/Src/stm32f7xx_hal_msp.o
                0x080011f4                HAL_MspInit
 .text.NMI_Handler
                0x08001244        0x8 ./Core/Src/stm32f7xx_it.o
                0x08001244                NMI_Handler
 .text.HardFault_Handler
                0x0800124c        0x8 ./Core/Src/stm32f7xx_it.o
                0x0800124c                HardFault_Handler
 .text.MemManage_Handler
                0x08001254        0x8 ./Core/Src/stm32f7xx_it.o
                0x08001254                MemManage_Handler
 .text.BusFault_Handler
                0x0800125c        0x8 ./Core/Src/stm32f7xx_it.o
                0x0800125c                BusFault_Handler
 .text.UsageFault_Handler
                0x08001264        0x8 ./Core/Src/stm32f7xx_it.o
                0x08001264                UsageFault_Handler
 .text.DebugMon_Handler
                0x0800126c        0xe ./Core/Src/stm32f7xx_it.o
                0x0800126c                DebugMon_Handler
 .text.SysTick_Handler
                0x0800127a       0x1a ./Core/Src/stm32f7xx_it.o
                0x0800127a                SysTick_Handler
 .text.DMA2_Stream0_IRQHandler
                0x08001294       0x14 ./Core/Src/stm32f7xx_it.o
                0x08001294                DMA2_Stream0_IRQHandler
 .text.SystemInit
                0x080012a8       0x24 ./Core/Src/system_stm32f7xx.o
                0x080012a8                SystemInit
 .text.enqueue  0x080012cc       0xdc ./Core/Src/temp_sensing.o
                0x080012cc                enqueue
 .text.calculateTemperature
                0x080013a8       0xb8 ./Core/Src/temp_sensing.o
                0x080013a8                calculateTemperature
 .text.measureTempADC
                0x08001460       0xe4 ./Core/Src/temp_sensing.o
                0x08001460                measureTempADC
 .text.MX_TIM2_Init
                0x08001544       0xf0 ./Core/Src/tim.o
                0x08001544                MX_TIM2_Init
 .text.MX_TIM3_Init
                0x08001634       0xf0 ./Core/Src/tim.o
                0x08001634                MX_TIM3_Init
 .text.MX_TIM4_Init
                0x08001724       0xf0 ./Core/Src/tim.o
                0x08001724                MX_TIM4_Init
 .text.HAL_TIM_Base_MspInit
                0x08001814       0x8c ./Core/Src/tim.o
                0x08001814                HAL_TIM_Base_MspInit
 .text.HAL_TIM_MspPostInit
                0x080018a0      0x108 ./Core/Src/tim.o
                0x080018a0                HAL_TIM_MspPostInit
 .text.Reset_Handler
                0x080019a8       0x50 ./Core/Startup/startup_stm32f767zitx.o
                0x080019a8                Reset_Handler
 .text.Default_Handler
                0x080019f8        0x2 ./Core/Startup/startup_stm32f767zitx.o
                0x080019f8                RTC_Alarm_IRQHandler
                0x080019f8                EXTI2_IRQHandler
                0x080019f8                TIM8_CC_IRQHandler
                0x080019f8                UART8_IRQHandler
                0x080019f8                SPI4_IRQHandler
                0x080019f8                TIM1_CC_IRQHandler
                0x080019f8                DMA2_Stream5_IRQHandler
                0x080019f8                JPEG_IRQHandler
                0x080019f8                DMA1_Stream5_IRQHandler
                0x080019f8                CAN3_RX1_IRQHandler
                0x080019f8                PVD_IRQHandler
                0x080019f8                TAMP_STAMP_IRQHandler
                0x080019f8                CAN2_RX1_IRQHandler
                0x080019f8                EXTI3_IRQHandler
                0x080019f8                TIM8_TRG_COM_TIM14_IRQHandler
                0x080019f8                DFSDM1_FLT1_IRQHandler
                0x080019f8                TIM1_UP_TIM10_IRQHandler
                0x080019f8                TIM8_UP_TIM13_IRQHandler
                0x080019f8                I2C3_ER_IRQHandler
                0x080019f8                DFSDM1_FLT2_IRQHandler
                0x080019f8                EXTI0_IRQHandler
                0x080019f8                I2C2_EV_IRQHandler
                0x080019f8                DMA1_Stream2_IRQHandler
                0x080019f8                CAN1_RX0_IRQHandler
                0x080019f8                FPU_IRQHandler
                0x080019f8                OTG_HS_WKUP_IRQHandler
                0x080019f8                CAN3_SCE_IRQHandler
                0x080019f8                LTDC_ER_IRQHandler
                0x080019f8                CAN2_SCE_IRQHandler
                0x080019f8                DMA2_Stream2_IRQHandler
                0x080019f8                SPI1_IRQHandler
                0x080019f8                TIM6_DAC_IRQHandler
                0x080019f8                TIM1_BRK_TIM9_IRQHandler
                0x080019f8                DCMI_IRQHandler
                0x080019f8                CAN2_RX0_IRQHandler
                0x080019f8                DMA2_Stream3_IRQHandler
                0x080019f8                SAI2_IRQHandler
                0x080019f8                DFSDM1_FLT3_IRQHandler
                0x080019f8                USART6_IRQHandler
                0x080019f8                CAN3_RX0_IRQHandler
                0x080019f8                USART3_IRQHandler
                0x080019f8                CAN1_RX1_IRQHandler
                0x080019f8                UART5_IRQHandler
                0x080019f8                TIM4_IRQHandler
                0x080019f8                QUADSPI_IRQHandler
                0x080019f8                I2C1_EV_IRQHandler
                0x080019f8                DMA1_Stream6_IRQHandler
                0x080019f8                DMA1_Stream1_IRQHandler
                0x080019f8                UART4_IRQHandler
                0x080019f8                TIM3_IRQHandler
                0x080019f8                RCC_IRQHandler
                0x080019f8                TIM8_BRK_TIM12_IRQHandler
                0x080019f8                Default_Handler
                0x080019f8                CEC_IRQHandler
                0x080019f8                EXTI15_10_IRQHandler
                0x080019f8                ADC_IRQHandler
                0x080019f8                DMA1_Stream7_IRQHandler
                0x080019f8                SPI5_IRQHandler
                0x080019f8                TIM7_IRQHandler
                0x080019f8                SDMMC1_IRQHandler
                0x080019f8                CAN2_TX_IRQHandler
                0x080019f8                TIM5_IRQHandler
                0x080019f8                DMA2_Stream7_IRQHandler
                0x080019f8                I2C3_EV_IRQHandler
                0x080019f8                EXTI9_5_IRQHandler
                0x080019f8                RTC_WKUP_IRQHandler
                0x080019f8                LTDC_IRQHandler
                0x080019f8                ETH_WKUP_IRQHandler
                0x080019f8                SPDIF_RX_IRQHandler
                0x080019f8                SPI2_IRQHandler
                0x080019f8                OTG_HS_EP1_IN_IRQHandler
                0x080019f8                DMA1_Stream0_IRQHandler
                0x080019f8                CAN1_TX_IRQHandler
                0x080019f8                EXTI4_IRQHandler
                0x080019f8                RNG_IRQHandler
                0x080019f8                ETH_IRQHandler
                0x080019f8                OTG_HS_EP1_OUT_IRQHandler
                0x080019f8                WWDG_IRQHandler
                0x080019f8                SPI6_IRQHandler
                0x080019f8                MDIOS_IRQHandler
                0x080019f8                I2C4_EV_IRQHandler
                0x080019f8                CAN3_TX_IRQHandler
                0x080019f8                TIM2_IRQHandler
                0x080019f8                OTG_FS_WKUP_IRQHandler
                0x080019f8                TIM1_TRG_COM_TIM11_IRQHandler
                0x080019f8                OTG_HS_IRQHandler
                0x080019f8                DMA2D_IRQHandler
                0x080019f8                EXTI1_IRQHandler
                0x080019f8                SDMMC2_IRQHandler
                0x080019f8                UART7_IRQHandler
                0x080019f8                USART2_IRQHandler
                0x080019f8                DFSDM1_FLT0_IRQHandler
                0x080019f8                I2C2_ER_IRQHandler
                0x080019f8                DMA2_Stream1_IRQHandler
                0x080019f8                CAN1_SCE_IRQHandler
                0x080019f8                FLASH_IRQHandler
                0x080019f8                DMA2_Stream4_IRQHandler
                0x080019f8                USART1_IRQHandler
                0x080019f8                OTG_FS_IRQHandler
                0x080019f8                SPI3_IRQHandler
                0x080019f8                DMA1_Stream4_IRQHandler
                0x080019f8                I2C1_ER_IRQHandler
                0x080019f8                FMC_IRQHandler
                0x080019f8                LPTIM1_IRQHandler
                0x080019f8                I2C4_ER_IRQHandler
                0x080019f8                DMA2_Stream6_IRQHandler
                0x080019f8                SAI1_IRQHandler
                0x080019f8                DMA1_Stream3_IRQHandler
 .text.HAL_Init
                0x080019fa       0x1a ./Drivers/STM32F7xx_HAL_Driver/Src/stm32f7xx_hal.o
                0x080019fa                HAL_Init
 .text.HAL_InitTick
                0x08001a14       0x60 ./Drivers/STM32F7xx_HAL_Driver/Src/stm32f7xx_hal.o
                0x08001a14                HAL_InitTick
 .text.HAL_IncTick
                0x08001a74       0x28 ./Drivers/STM32F7xx_HAL_Driver/Src/stm32f7xx_hal.o
                0x08001a74                HAL_IncTick
 .text.HAL_GetTick
                0x08001a9c       0x18 ./Drivers/STM32F7xx_HAL_Driver/Src/stm32f7xx_hal.o
                0x08001a9c                HAL_GetTick
 .text.HAL_Delay
                0x08001ab4       0x48 ./Drivers/STM32F7xx_HAL_Driver/Src/stm32f7xx_hal.o
                0x08001ab4                HAL_Delay
 .text.HAL_ADC_Init
                0x08001afc       0x88 ./Drivers/STM32F7xx_HAL_Driver/Src/stm32f7xx_hal_adc.o
                0x08001afc                HAL_ADC_Init
 .text.HAL_ADC_Start_DMA
                0x08001b84      0x1f4 ./Drivers/STM32F7xx_HAL_Driver/Src/stm32f7xx_hal_adc.o
                0x08001b84                HAL_ADC_Start_DMA
 .text.HAL_ADC_ConvCpltCallback
                0x08001d78       0x14 ./Drivers/STM32F7xx_HAL_Driver/Src/stm32f7xx_hal_adc.o
                0x08001d78                HAL_ADC_ConvCpltCallback
 .text.HAL_ADC_ConvHalfCpltCallback
                0x08001d8c       0x14 ./Drivers/STM32F7xx_HAL_Driver/Src/stm32f7xx_hal_adc.o
                0x08001d8c                HAL_ADC_ConvHalfCpltCallback
 .text.HAL_ADC_ErrorCallback
                0x08001da0       0x14 ./Drivers/STM32F7xx_HAL_Driver/Src/stm32f7xx_hal_adc.o
                0x08001da0                HAL_ADC_ErrorCallback
 .text.HAL_ADC_ConfigChannel
                0x08001db4      0x2ac ./Drivers/STM32F7xx_HAL_Driver/Src/stm32f7xx_hal_adc.o
                0x08001db4                HAL_ADC_ConfigChannel
 .text.ADC_Init
                0x08002060      0x1f4 ./Drivers/STM32F7xx_HAL_Driver/Src/stm32f7xx_hal_adc.o
 .text.ADC_DMAConvCplt
                0x08002254       0xba ./Drivers/STM32F7xx_HAL_Driver/Src/stm32f7xx_hal_adc.o
 .text.ADC_DMAHalfConvCplt
                0x0800230e       0x1c ./Drivers/STM32F7xx_HAL_Driver/Src/stm32f7xx_hal_adc.o
 .text.ADC_DMAError
                0x0800232a       0x2e ./Drivers/STM32F7xx_HAL_Driver/Src/stm32f7xx_hal_adc.o
 .text.HAL_CAN_Init
                0x08002358      0x1f6 ./Drivers/STM32F7xx_HAL_Driver/Src/stm32f7xx_hal_can.o
                0x08002358                HAL_CAN_Init
 .text.HAL_CAN_AddTxMessage
                0x0800254e      0x1a0 ./Drivers/STM32F7xx_HAL_Driver/Src/stm32f7xx_hal_can.o
                0x0800254e                HAL_CAN_AddTxMessage
 .text.HAL_CAN_GetTxMailboxesFreeLevel
                0x080026ee       0x6a ./Drivers/STM32F7xx_HAL_Driver/Src/stm32f7xx_hal_can.o
                0x080026ee                HAL_CAN_GetTxMailboxesFreeLevel
 .text.__NVIC_SetPriorityGrouping
                0x08002758       0x48 ./Drivers/STM32F7xx_HAL_Driver/Src/stm32f7xx_hal_cortex.o
 .text.__NVIC_GetPriorityGrouping
                0x080027a0       0x1c ./Drivers/STM32F7xx_HAL_Driver/Src/stm32f7xx_hal_cortex.o
 .text.__NVIC_EnableIRQ
                0x080027bc       0x3c ./Drivers/STM32F7xx_HAL_Driver/Src/stm32f7xx_hal_cortex.o
 .text.__NVIC_SetPriority
                0x080027f8       0x54 ./Drivers/STM32F7xx_HAL_Driver/Src/stm32f7xx_hal_cortex.o
 .text.NVIC_EncodePriority
                0x0800284c       0x66 ./Drivers/STM32F7xx_HAL_Driver/Src/stm32f7xx_hal_cortex.o
 *fill*         0x080028b2        0x2 
 .text.SysTick_Config
                0x080028b4       0x44 ./Drivers/STM32F7xx_HAL_Driver/Src/stm32f7xx_hal_cortex.o
 .text.HAL_NVIC_SetPriorityGrouping
                0x080028f8       0x16 ./Drivers/STM32F7xx_HAL_Driver/Src/stm32f7xx_hal_cortex.o
                0x080028f8                HAL_NVIC_SetPriorityGrouping
 .text.HAL_NVIC_SetPriority
                0x0800290e       0x38 ./Drivers/STM32F7xx_HAL_Driver/Src/stm32f7xx_hal_cortex.o
                0x0800290e                HAL_NVIC_SetPriority
 .text.HAL_NVIC_EnableIRQ
                0x08002946       0x1c ./Drivers/STM32F7xx_HAL_Driver/Src/stm32f7xx_hal_cortex.o
                0x08002946                HAL_NVIC_EnableIRQ
 .text.HAL_SYSTICK_Config
                0x08002962       0x18 ./Drivers/STM32F7xx_HAL_Driver/Src/stm32f7xx_hal_cortex.o
                0x08002962                HAL_SYSTICK_Config
 *fill*         0x0800297a        0x2 
 .text.HAL_DMA_Init
                0x0800297c      0x15c ./Drivers/STM32F7xx_HAL_Driver/Src/stm32f7xx_hal_dma.o
                0x0800297c                HAL_DMA_Init
 .text.HAL_DMA_Start_IT
                0x08002ad8       0xc0 ./Drivers/STM32F7xx_HAL_Driver/Src/stm32f7xx_hal_dma.o
                0x08002ad8                HAL_DMA_Start_IT
 .text.HAL_DMA_IRQHandler
                0x08002b98      0x314 ./Drivers/STM32F7xx_HAL_Driver/Src/stm32f7xx_hal_dma.o
                0x08002b98                HAL_DMA_IRQHandler
 .text.DMA_SetConfig
                0x08002eac       0x5c ./Drivers/STM32F7xx_HAL_Driver/Src/stm32f7xx_hal_dma.o
 .text.DMA_CalcBaseAndBitshift
                0x08002f08       0x6c ./Drivers/STM32F7xx_HAL_Driver/Src/stm32f7xx_hal_dma.o
 .text.DMA_CheckFifoParam
                0x08002f74       0xf8 ./Drivers/STM32F7xx_HAL_Driver/Src/stm32f7xx_hal_dma.o
 .text.HAL_GPIO_Init
                0x0800306c      0x358 ./Drivers/STM32F7xx_HAL_Driver/Src/stm32f7xx_hal_gpio.o
                0x0800306c                HAL_GPIO_Init
 .text.HAL_GPIO_WritePin
                0x080033c4       0x32 ./Drivers/STM32F7xx_HAL_Driver/Src/stm32f7xx_hal_gpio.o
                0x080033c4                HAL_GPIO_WritePin
 *fill*         0x080033f6        0x2 
 .text.HAL_PWR_EnableBkUpAccess
                0x080033f8       0x20 ./Drivers/STM32F7xx_HAL_Driver/Src/stm32f7xx_hal_pwr.o
                0x080033f8                HAL_PWR_EnableBkUpAccess
 .text.HAL_PWREx_EnableOverDrive
                0x08003418       0xa0 ./Drivers/STM32F7xx_HAL_Driver/Src/stm32f7xx_hal_pwr_ex.o
                0x08003418                HAL_PWREx_EnableOverDrive
 .text.HAL_RCC_OscConfig
                0x080034b8      0x55c ./Drivers/STM32F7xx_HAL_Driver/Src/stm32f7xx_hal_rcc.o
                0x080034b8                HAL_RCC_OscConfig
 .text.HAL_RCC_ClockConfig
                0x08003a14      0x1d8 ./Drivers/STM32F7xx_HAL_Driver/Src/stm32f7xx_hal_rcc.o
                0x08003a14                HAL_RCC_ClockConfig
 .text.HAL_RCC_GetSysClockFreq
                0x08003bec      0x20c ./Drivers/STM32F7xx_HAL_Driver/Src/stm32f7xx_hal_rcc.o
                0x08003bec                HAL_RCC_GetSysClockFreq
 .text.HAL_TIM_Base_Init
                0x08003df8       0xae ./Drivers/STM32F7xx_HAL_Driver/Src/stm32f7xx_hal_tim.o
                0x08003df8                HAL_TIM_Base_Init
 .text.HAL_TIM_PWM_Init
                0x08003ea6       0xae ./Drivers/STM32F7xx_HAL_Driver/Src/stm32f7xx_hal_tim.o
                0x08003ea6                HAL_TIM_PWM_Init
 .text.HAL_TIM_PWM_MspInit
                0x08003f54       0x14 ./Drivers/STM32F7xx_HAL_Driver/Src/stm32f7xx_hal_tim.o
                0x08003f54                HAL_TIM_PWM_MspInit
 .text.HAL_TIM_PWM_Start
                0x08003f68      0x1f4 ./Drivers/STM32F7xx_HAL_Driver/Src/stm32f7xx_hal_tim.o
                0x08003f68                HAL_TIM_PWM_Start
 .text.HAL_TIM_PWM_ConfigChannel
                0x0800415c      0x228 ./Drivers/STM32F7xx_HAL_Driver/Src/stm32f7xx_hal_tim.o
                0x0800415c                HAL_TIM_PWM_ConfigChannel
 .text.HAL_TIM_ConfigClockSource
                0x08004384      0x194 ./Drivers/STM32F7xx_HAL_Driver/Src/stm32f7xx_hal_tim.o
                0x08004384                HAL_TIM_ConfigClockSource
 .text.TIM_Base_SetConfig
                0x08004518      0x158 ./Drivers/STM32F7xx_HAL_Driver/Src/stm32f7xx_hal_tim.o
                0x08004518                TIM_Base_SetConfig
 .text.TIM_OC1_SetConfig
                0x08004670       0xe4 ./Drivers/STM32F7xx_HAL_Driver/Src/stm32f7xx_hal_tim.o
 .text.TIM_OC2_SetConfig
                0x08004754       0xf0 ./Drivers/STM32F7xx_HAL_Driver/Src/stm32f7xx_hal_tim.o
                0x08004754                TIM_OC2_SetConfig
 .text.TIM_OC3_SetConfig
                0x08004844       0xec ./Drivers/STM32F7xx_HAL_Driver/Src/stm32f7xx_hal_tim.o
 .text.TIM_OC4_SetConfig
                0x08004930       0xb0 ./Drivers/STM32F7xx_HAL_Driver/Src/stm32f7xx_hal_tim.o
 .text.TIM_OC5_SetConfig
                0x080049e0       0xa4 ./Drivers/STM32F7xx_HAL_Driver/Src/stm32f7xx_hal_tim.o
 .text.TIM_OC6_SetConfig
                0x08004a84       0xa8 ./Drivers/STM32F7xx_HAL_Driver/Src/stm32f7xx_hal_tim.o
 .text.TIM_TI1_ConfigInputStage
                0x08004b2c       0x5e ./Drivers/STM32F7xx_HAL_Driver/Src/stm32f7xx_hal_tim.o
 .text.TIM_TI2_ConfigInputStage
                0x08004b8a       0x60 ./Drivers/STM32F7xx_HAL_Driver/Src/stm32f7xx_hal_tim.o
 .text.TIM_ITRx_SetConfig
                0x08004bea       0x36 ./Drivers/STM32F7xx_HAL_Driver/Src/stm32f7xx_hal_tim.o
 .text.TIM_ETR_SetConfig
                0x08004c20       0x40 ./Drivers/STM32F7xx_HAL_Driver/Src/stm32f7xx_hal_tim.o
                0x08004c20                TIM_ETR_SetConfig
 .text.TIM_CCxChannelCmd
                0x08004c60       0x4a ./Drivers/STM32F7xx_HAL_Driver/Src/stm32f7xx_hal_tim.o
                0x08004c60                TIM_CCxChannelCmd
 *fill*         0x08004caa        0x2 
 .text.HAL_TIMEx_MasterConfigSynchronization
                0x08004cac      0x11c ./Drivers/STM32F7xx_HAL_Driver/Src/stm32f7xx_hal_tim_ex.o
                0x08004cac                HAL_TIMEx_MasterConfigSynchronization
 .text.SVC_Setup
                0x08004dc8        0xe ./Middlewares/Third_Party/FreeRTOS/Source/CMSIS_RTOS_V2/cmsis_os2.o
 *fill*         0x08004dd6        0x2 
 .text.osKernelInitialize
                0x08004dd8       0x68 ./Middlewares/Third_Party/FreeRTOS/Source/CMSIS_RTOS_V2/cmsis_os2.o
                0x08004dd8                osKernelInitialize
 .text.osKernelStart
                0x08004e40       0x6c ./Middlewares/Third_Party/FreeRTOS/Source/CMSIS_RTOS_V2/cmsis_os2.o
                0x08004e40                osKernelStart
 .text.osThreadNew
                0x08004eac      0x14c ./Middlewares/Third_Party/FreeRTOS/Source/CMSIS_RTOS_V2/cmsis_os2.o
                0x08004eac                osThreadNew
 .text.osDelay  0x08004ff8       0x5c ./Middlewares/Third_Party/FreeRTOS/Source/CMSIS_RTOS_V2/cmsis_os2.o
                0x08004ff8                osDelay
 .text.osSemaphoreNew
                0x08005054      0x138 ./Middlewares/Third_Party/FreeRTOS/Source/CMSIS_RTOS_V2/cmsis_os2.o
                0x08005054                osSemaphoreNew
 .text.osSemaphoreAcquire
                0x0800518c       0xcc ./Middlewares/Third_Party/FreeRTOS/Source/CMSIS_RTOS_V2/cmsis_os2.o
                0x0800518c                osSemaphoreAcquire
 .text.osSemaphoreRelease
                0x08005258       0xb0 ./Middlewares/Third_Party/FreeRTOS/Source/CMSIS_RTOS_V2/cmsis_os2.o
                0x08005258                osSemaphoreRelease
 .text.osMessageQueueNew
                0x08005308      0x10c ./Middlewares/Third_Party/FreeRTOS/Source/CMSIS_RTOS_V2/cmsis_os2.o
                0x08005308                osMessageQueueNew
 .text.osMessageQueuePut
                0x08005414       0xe8 ./Middlewares/Third_Party/FreeRTOS/Source/CMSIS_RTOS_V2/cmsis_os2.o
                0x08005414                osMessageQueuePut
 .text.osMessageQueueGet
                0x080054fc       0xe4 ./Middlewares/Third_Party/FreeRTOS/Source/CMSIS_RTOS_V2/cmsis_os2.o
                0x080054fc                osMessageQueueGet
 .text.vApplicationGetIdleTaskMemory
                0x080055e0       0x34 ./Middlewares/Third_Party/FreeRTOS/Source/CMSIS_RTOS_V2/cmsis_os2.o
                0x080055e0                vApplicationGetIdleTaskMemory
 .text.vApplicationGetTimerTaskMemory
                0x08005614       0x34 ./Middlewares/Third_Party/FreeRTOS/Source/CMSIS_RTOS_V2/cmsis_os2.o
                0x08005614                vApplicationGetTimerTaskMemory
 .text.vListInitialise
                0x08005648       0x40 ./Middlewares/Third_Party/FreeRTOS/Source/list.o
                0x08005648                vListInitialise
 .text.vListInitialiseItem
                0x08005688       0x1a ./Middlewares/Third_Party/FreeRTOS/Source/list.o
                0x08005688                vListInitialiseItem
 .text.vListInsertEnd
                0x080056a2       0x48 ./Middlewares/Third_Party/FreeRTOS/Source/list.o
                0x080056a2                vListInsertEnd
 .text.vListInsert
                0x080056ea       0x72 ./Middlewares/Third_Party/FreeRTOS/Source/list.o
                0x080056ea                vListInsert
 .text.uxListRemove
                0x0800575c       0x54 ./Middlewares/Third_Party/FreeRTOS/Source/list.o
                0x0800575c                uxListRemove
 .text.xQueueGenericReset
                0x080057b0       0xd8 ./Middlewares/Third_Party/FreeRTOS/Source/queue.o
                0x080057b0                xQueueGenericReset
 .text.xQueueGenericCreateStatic
                0x08005888      0x10e ./Middlewares/Third_Party/FreeRTOS/Source/queue.o
                0x08005888                xQueueGenericCreateStatic
 .text.xQueueGenericCreate
                0x08005996       0x86 ./Middlewares/Third_Party/FreeRTOS/Source/queue.o
                0x08005996                xQueueGenericCreate
 .text.prvInitialiseNewQueue
                0x08005a1c       0x46 ./Middlewares/Third_Party/FreeRTOS/Source/queue.o
 .text.xQueueCreateCountingSemaphoreStatic
                0x08005a62       0x7a ./Middlewares/Third_Party/FreeRTOS/Source/queue.o
                0x08005a62                xQueueCreateCountingSemaphoreStatic
 .text.xQueueCreateCountingSemaphore
                0x08005adc       0x72 ./Middlewares/Third_Party/FreeRTOS/Source/queue.o
                0x08005adc                xQueueCreateCountingSemaphore
 *fill*         0x08005b4e        0x2 
 .text.xQueueGenericSend
                0x08005b50      0x214 ./Middlewares/Third_Party/FreeRTOS/Source/queue.o
                0x08005b50                xQueueGenericSend
 .text.xQueueGenericSendFromISR
                0x08005d64      0x146 ./Middlewares/Third_Party/FreeRTOS/Source/queue.o
                0x08005d64                xQueueGenericSendFromISR
 .text.xQueueGiveFromISR
                0x08005eaa      0x130 ./Middlewares/Third_Party/FreeRTOS/Source/queue.o
                0x08005eaa                xQueueGiveFromISR
 *fill*         0x08005fda        0x2 
 .text.xQueueReceive
                0x08005fdc      0x1d0 ./Middlewares/Third_Party/FreeRTOS/Source/queue.o
                0x08005fdc                xQueueReceive
 .text.xQueueSemaphoreTake
                0x080061ac      0x230 ./Middlewares/Third_Party/FreeRTOS/Source/queue.o
                0x080061ac                xQueueSemaphoreTake
 .text.xQueueReceiveFromISR
                0x080063dc      0x110 ./Middlewares/Third_Party/FreeRTOS/Source/queue.o
                0x080063dc                xQueueReceiveFromISR
 .text.vQueueDelete
                0x080064ec       0x4c ./Middlewares/Third_Party/FreeRTOS/Source/queue.o
                0x080064ec                vQueueDelete
 .text.prvGetDisinheritPriorityAfterTimeout
                0x08006538       0x30 ./Middlewares/Third_Party/FreeRTOS/Source/queue.o
 .text.prvCopyDataToQueue
                0x08006568       0xd4 ./Middlewares/Third_Party/FreeRTOS/Source/queue.o
 .text.prvCopyDataFromQueue
                0x0800663c       0x4c ./Middlewares/Third_Party/FreeRTOS/Source/queue.o
 .text.prvUnlockQueue
                0x08006688       0xa4 ./Middlewares/Third_Party/FreeRTOS/Source/queue.o
 .text.prvIsQueueEmpty
                0x0800672c       0x2c ./Middlewares/Third_Party/FreeRTOS/Source/queue.o
 .text.prvIsQueueFull
                0x08006758       0x30 ./Middlewares/Third_Party/FreeRTOS/Source/queue.o
 .text.vQueueAddToRegistry
                0x08006788       0x54 ./Middlewares/Third_Party/FreeRTOS/Source/queue.o
                0x08006788                vQueueAddToRegistry
 .text.vQueueUnregisterQueue
                0x080067dc       0x54 ./Middlewares/Third_Party/FreeRTOS/Source/queue.o
                0x080067dc                vQueueUnregisterQueue
 .text.vQueueWaitForMessageRestricted
                0x08006830       0x68 ./Middlewares/Third_Party/FreeRTOS/Source/queue.o
                0x08006830                vQueueWaitForMessageRestricted
 .text.xTaskCreateStatic
                0x08006898       0xcc ./Middlewares/Third_Party/FreeRTOS/Source/tasks.o
                0x08006898                xTaskCreateStatic
 .text.xTaskCreate
                0x08006964       0x8a ./Middlewares/Third_Party/FreeRTOS/Source/tasks.o
                0x08006964                xTaskCreate
 .text.prvInitialiseNewTask
                0x080069ee      0x124 ./Middlewares/Third_Party/FreeRTOS/Source/tasks.o
 *fill*         0x08006b12        0x2 
 .text.prvAddNewTaskToReadyList
                0x08006b14       0xe0 ./Middlewares/Third_Party/FreeRTOS/Source/tasks.o
 .text.vTaskDelay
                0x08006bf4       0x70 ./Middlewares/Third_Party/FreeRTOS/Source/tasks.o
                0x08006bf4                vTaskDelay
 .text.vTaskStartScheduler
                0x08006c64       0xd8 ./Middlewares/Third_Party/FreeRTOS/Source/tasks.o
                0x08006c64                vTaskStartScheduler
 .text.vTaskSuspendAll
                0x08006d3c       0x1c ./Middlewares/Third_Party/FreeRTOS/Source/tasks.o
                0x08006d3c                vTaskSuspendAll
 .text.xTaskResumeAll
                0x08006d58      0x140 ./Middlewares/Third_Party/FreeRTOS/Source/tasks.o
                0x08006d58                xTaskResumeAll
 .text.xTaskGetTickCount
                0x08006e98       0x20 ./Middlewares/Third_Party/FreeRTOS/Source/tasks.o
                0x08006e98                xTaskGetTickCount
 .text.xTaskIncrementTick
                0x08006eb8      0x178 ./Middlewares/Third_Party/FreeRTOS/Source/tasks.o
                0x08006eb8                xTaskIncrementTick
 .text.vTaskSwitchContext
                0x08007030       0xc0 ./Middlewares/Third_Party/FreeRTOS/Source/tasks.o
                0x08007030                vTaskSwitchContext
 .text.vTaskPlaceOnEventList
                0x080070f0       0x50 ./Middlewares/Third_Party/FreeRTOS/Source/tasks.o
                0x080070f0                vTaskPlaceOnEventList
 .text.vTaskPlaceOnEventListRestricted
                0x08007140       0x5c ./Middlewares/Third_Party/FreeRTOS/Source/tasks.o
                0x08007140                vTaskPlaceOnEventListRestricted
 .text.xTaskRemoveFromEventList
                0x0800719c       0xcc ./Middlewares/Third_Party/FreeRTOS/Source/tasks.o
                0x0800719c                xTaskRemoveFromEventList
 .text.vTaskInternalSetTimeOutState
                0x08007268       0x2c ./Middlewares/Third_Party/FreeRTOS/Source/tasks.o
                0x08007268                vTaskInternalSetTimeOutState
 .text.xTaskCheckForTimeOut
                0x08007294       0xd0 ./Middlewares/Third_Party/FreeRTOS/Source/tasks.o
                0x08007294                xTaskCheckForTimeOut
 .text.vTaskMissedYield
                0x08007364       0x18 ./Middlewares/Third_Party/FreeRTOS/Source/tasks.o
                0x08007364                vTaskMissedYield
 .text.prvIdleTask
                0x0800737c       0x30 ./Middlewares/Third_Party/FreeRTOS/Source/tasks.o
 .text.prvInitialiseTaskLists
                0x080073ac       0x80 ./Middlewares/Third_Party/FreeRTOS/Source/tasks.o
 .text.prvCheckTasksWaitingTermination
                0x0800742c       0x5c ./Middlewares/Third_Party/FreeRTOS/Source/tasks.o
 .text.prvDeleteTCB
                0x08007488       0x64 ./Middlewares/Third_Party/FreeRTOS/Source/tasks.o
 .text.prvResetNextTaskUnblockTime
                0x080074ec       0x40 ./Middlewares/Third_Party/FreeRTOS/Source/tasks.o
 .text.xTaskGetSchedulerState
                0x0800752c       0x3c ./Middlewares/Third_Party/FreeRTOS/Source/tasks.o
                0x0800752c                xTaskGetSchedulerState
 .text.xTaskPriorityInherit
                0x08007568       0xd0 ./Middlewares/Third_Party/FreeRTOS/Source/tasks.o
                0x08007568                xTaskPriorityInherit
 .text.xTaskPriorityDisinherit
                0x08007638       0xe8 ./Middlewares/Third_Party/FreeRTOS/Source/tasks.o
                0x08007638                xTaskPriorityDisinherit
 .text.vTaskPriorityDisinheritAfterTimeout
                0x08007720      0x110 ./Middlewares/Third_Party/FreeRTOS/Source/tasks.o
                0x08007720                vTaskPriorityDisinheritAfterTimeout
 .text.pvTaskIncrementMutexHeldCount
                0x08007830       0x28 ./Middlewares/Third_Party/FreeRTOS/Source/tasks.o
                0x08007830                pvTaskIncrementMutexHeldCount
 .text.prvAddCurrentTaskToDelayedList
                0x08007858       0xa8 ./Middlewares/Third_Party/FreeRTOS/Source/tasks.o
 .text.xTimerCreateTimerTask
                0x08007900       0x98 ./Middlewares/Third_Party/FreeRTOS/Source/timers.o
                0x08007900                xTimerCreateTimerTask
 .text.xTimerGenericCommand
                0x08007998       0xa0 ./Middlewares/Third_Party/FreeRTOS/Source/timers.o
                0x08007998                xTimerGenericCommand
 .text.prvProcessExpiredTimer
                0x08007a38       0xa0 ./Middlewares/Third_Party/FreeRTOS/Source/timers.o
 .text.prvTimerTask
                0x08007ad8       0x26 ./Middlewares/Third_Party/FreeRTOS/Source/timers.o
 *fill*         0x08007afe        0x2 
 .text.prvProcessTimerOrBlockTask
                0x08007b00       0x9c ./Middlewares/Third_Party/FreeRTOS/Source/timers.o
 .text.prvGetNextExpireTime
                0x08007b9c       0x48 ./Middlewares/Third_Party/FreeRTOS/Source/timers.o
 .text.prvSampleTimeNow
                0x08007be4       0x40 ./Middlewares/Third_Party/FreeRTOS/Source/timers.o
 .text.prvInsertTimerInActiveList
                0x08007c24       0x84 ./Middlewares/Third_Party/FreeRTOS/Source/timers.o
 .text.prvProcessReceivedCommands
                0x08007ca8      0x1d8 ./Middlewares/Third_Party/FreeRTOS/Source/timers.o
 .text.prvSwitchTimerLists
                0x08007e80       0xd0 ./Middlewares/Third_Party/FreeRTOS/Source/timers.o
 .text.prvCheckForValidListAndQueue
                0x08007f50       0x80 ./Middlewares/Third_Party/FreeRTOS/Source/timers.o
 .text.pxPortInitialiseStack
                0x08007fd0       0x68 ./Middlewares/Third_Party/FreeRTOS/Source/portable/GCC/ARM_CM7/r0p1/port.o
                0x08007fd0                pxPortInitialiseStack
 .text.prvTaskExitError
                0x08008038       0x64 ./Middlewares/Third_Party/FreeRTOS/Source/portable/GCC/ARM_CM7/r0p1/port.o
 *fill*         0x0800809c        0x4 
 .text.SVC_Handler
                0x080080a0       0x28 ./Middlewares/Third_Party/FreeRTOS/Source/portable/GCC/ARM_CM7/r0p1/port.o
                0x080080a0                SVC_Handler
 .text.prvPortStartFirstTask
                0x080080c8       0x28 ./Middlewares/Third_Party/FreeRTOS/Source/portable/GCC/ARM_CM7/r0p1/port.o
 .text.xPortStartScheduler
                0x080080f0       0xfc ./Middlewares/Third_Party/FreeRTOS/Source/portable/GCC/ARM_CM7/r0p1/port.o
                0x080080f0                xPortStartScheduler
 .text.vPortEnterCritical
                0x080081ec       0x6c ./Middlewares/Third_Party/FreeRTOS/Source/portable/GCC/ARM_CM7/r0p1/port.o
                0x080081ec                vPortEnterCritical
 .text.vPortExitCritical
                0x08008258       0x58 ./Middlewares/Third_Party/FreeRTOS/Source/portable/GCC/ARM_CM7/r0p1/port.o
                0x08008258                vPortExitCritical
 .text.PendSV_Handler
                0x080082b0       0x68 ./Middlewares/Third_Party/FreeRTOS/Source/portable/GCC/ARM_CM7/r0p1/port.o
                0x080082b0                PendSV_Handler
 .text.xPortSysTickHandler
                0x08008318       0x48 ./Middlewares/Third_Party/FreeRTOS/Source/portable/GCC/ARM_CM7/r0p1/port.o
                0x08008318                xPortSysTickHandler
 .text.vPortSetupTimerInterrupt
                0x08008360       0x48 ./Middlewares/Third_Party/FreeRTOS/Source/portable/GCC/ARM_CM7/r0p1/port.o
                0x08008360                vPortSetupTimerInterrupt
 .text.vPortEnableVFP
                0x080083a8       0x14 ./Middlewares/Third_Party/FreeRTOS/Source/portable/GCC/ARM_CM7/r0p1/port.o
 .text.vPortValidateInterruptPriority
                0x080083bc       0x8c ./Middlewares/Third_Party/FreeRTOS/Source/portable/GCC/ARM_CM7/r0p1/port.o
                0x080083bc                vPortValidateInterruptPriority
 .text.pvPortMalloc
                0x08008448      0x19c ./Middlewares/Third_Party/FreeRTOS/Source/portable/MemMang/heap_4.o
                0x08008448                pvPortMalloc
 .text.vPortFree
                0x080085e4       0xc0 ./Middlewares/Third_Party/FreeRTOS/Source/portable/MemMang/heap_4.o
                0x080085e4                vPortFree
 .text.prvHeapInit
                0x080086a4       0xc4 ./Middlewares/Third_Party/FreeRTOS/Source/portable/MemMang/heap_4.o
 .text.prvInsertBlockIntoFreeList
                0x08008768       0xb4 ./Middlewares/Third_Party/FreeRTOS/Source/portable/MemMang/heap_4.o
 .text.memset   0x0800881c       0x10 C:/ST/STM32CubeIDE_1.15.1/STM32CubeIDE/plugins/com.st.stm32cube.ide.mcu.externaltools.gnu-tools-for-stm32.12.3.rel1.win32_1.0.100.202403111256/tools/bin/../lib/gcc/arm-none-eabi/12.3.1/../../../../arm-none-eabi/lib/thumb/v7e-m+dp/hard\libc_nano.a(libc_a-memset.o)
                0x0800881c                memset
 .text.__errno  0x0800882c        0xc C:/ST/STM32CubeIDE_1.15.1/STM32CubeIDE/plugins/com.st.stm32cube.ide.mcu.externaltools.gnu-tools-for-stm32.12.3.rel1.win32_1.0.100.202403111256/tools/bin/../lib/gcc/arm-none-eabi/12.3.1/../../../../arm-none-eabi/lib/thumb/v7e-m+dp/hard\libc_nano.a(libc_a-errno.o)
                0x0800882c                __errno
 .text.__libc_init_array
                0x08008838       0x48 C:/ST/STM32CubeIDE_1.15.1/STM32CubeIDE/plugins/com.st.stm32cube.ide.mcu.externaltools.gnu-tools-for-stm32.12.3.rel1.win32_1.0.100.202403111256/tools/bin/../lib/gcc/arm-none-eabi/12.3.1/../../../../arm-none-eabi/lib/thumb/v7e-m+dp/hard\libc_nano.a(libc_a-init.o)
                0x08008838                __libc_init_array
 .text.memcpy   0x08008880       0x1c C:/ST/STM32CubeIDE_1.15.1/STM32CubeIDE/plugins/com.st.stm32cube.ide.mcu.externaltools.gnu-tools-for-stm32.12.3.rel1.win32_1.0.100.202403111256/tools/bin/../lib/gcc/arm-none-eabi/12.3.1/../../../../arm-none-eabi/lib/thumb/v7e-m+dp/hard\libc_nano.a(libc_a-memcpy-stub.o)
                0x08008880                memcpy
 *fill*         0x0800889c        0x4 
 .text.log      0x080088a0      0x1e8 C:/ST/STM32CubeIDE_1.15.1/STM32CubeIDE/plugins/com.st.stm32cube.ide.mcu.externaltools.gnu-tools-for-stm32.12.3.rel1.win32_1.0.100.202403111256/tools/bin/../lib/gcc/arm-none-eabi/12.3.1/../../../../arm-none-eabi/lib/thumb/v7e-m+dp/hard\libm.a(libm_a-log.o)
                0x080088a0                log
 .text.with_errno
                0x08008a88       0x1c C:/ST/STM32CubeIDE_1.15.1/STM32CubeIDE/plugins/com.st.stm32cube.ide.mcu.externaltools.gnu-tools-for-stm32.12.3.rel1.win32_1.0.100.202403111256/tools/bin/../lib/gcc/arm-none-eabi/12.3.1/../../../../arm-none-eabi/lib/thumb/v7e-m+dp/hard\libm.a(libm_a-math_err.o)
 *fill*         0x08008aa4        0x4 
 .text.__math_divzero
                0x08008aa8       0x30 C:/ST/STM32CubeIDE_1.15.1/STM32CubeIDE/plugins/com.st.stm32cube.ide.mcu.externaltools.gnu-tools-for-stm32.12.3.rel1.win32_1.0.100.202403111256/tools/bin/../lib/gcc/arm-none-eabi/12.3.1/../../../../arm-none-eabi/lib/thumb/v7e-m+dp/hard\libm.a(libm_a-math_err.o)
                0x08008aa8                __math_divzero
 .text.__math_invalid
                0x08008ad8       0x1e C:/ST/STM32CubeIDE_1.15.1/STM32CubeIDE/plugins/com.st.stm32cube.ide.mcu.externaltools.gnu-tools-for-stm32.12.3.rel1.win32_1.0.100.202403111256/tools/bin/../lib/gcc/arm-none-eabi/12.3.1/../../../../arm-none-eabi/lib/thumb/v7e-m+dp/hard\libm.a(libm_a-math_err.o)
                0x08008ad8                __math_invalid
 *(.glue_7)
 .glue_7        0x08008af6        0x0 linker stubs
 *(.glue_7t)
 .glue_7t       0x08008af6        0x0 linker stubs
 *(.eh_frame)
 *fill*         0x08008af6        0x2 
 .eh_frame      0x08008af8        0x0 C:/ST/STM32CubeIDE_1.15.1/STM32CubeIDE/plugins/com.st.stm32cube.ide.mcu.externaltools.gnu-tools-for-stm32.12.3.rel1.win32_1.0.100.202403111256/tools/bin/../lib/gcc/arm-none-eabi/12.3.1/thumb/v7e-m+dp/hard/crtbegin.o
 *(.init)
 .init          0x08008af8        0x4 C:/ST/STM32CubeIDE_1.15.1/STM32CubeIDE/plugins/com.st.stm32cube.ide.mcu.externaltools.gnu-tools-for-stm32.12.3.rel1.win32_1.0.100.202403111256/tools/bin/../lib/gcc/arm-none-eabi/12.3.1/thumb/v7e-m+dp/hard/crti.o
                0x08008af8                _init
 .init          0x08008afc        0x8 C:/ST/STM32CubeIDE_1.15.1/STM32CubeIDE/plugins/com.st.stm32cube.ide.mcu.externaltools.gnu-tools-for-stm32.12.3.rel1.win32_1.0.100.202403111256/tools/bin/../lib/gcc/arm-none-eabi/12.3.1/thumb/v7e-m+dp/hard/crtn.o
 *(.fini)
 .fini          0x08008b04        0x4 C:/ST/STM32CubeIDE_1.15.1/STM32CubeIDE/plugins/com.st.stm32cube.ide.mcu.externaltools.gnu-tools-for-stm32.12.3.rel1.win32_1.0.100.202403111256/tools/bin/../lib/gcc/arm-none-eabi/12.3.1/thumb/v7e-m+dp/hard/crti.o
                0x08008b04                _fini
 .fini          0x08008b08        0x8 C:/ST/STM32CubeIDE_1.15.1/STM32CubeIDE/plugins/com.st.stm32cube.ide.mcu.externaltools.gnu-tools-for-stm32.12.3.rel1.win32_1.0.100.202403111256/tools/bin/../lib/gcc/arm-none-eabi/12.3.1/thumb/v7e-m+dp/hard/crtn.o
                0x08008b10                        . = ALIGN (0x4)
                0x08008b10                        _etext = .

.vfp11_veneer   0x08008b10        0x0
 .vfp11_veneer  0x08008b10        0x0 linker stubs

.v4_bx          0x08008b10        0x0
 .v4_bx         0x08008b10        0x0 linker stubs

.iplt           0x08008b10        0x0
 .iplt          0x08008b10        0x0 C:/ST/STM32CubeIDE_1.15.1/STM32CubeIDE/plugins/com.st.stm32cube.ide.mcu.externaltools.gnu-tools-for-stm32.12.3.rel1.win32_1.0.100.202403111256/tools/bin/../lib/gcc/arm-none-eabi/12.3.1/thumb/v7e-m+dp/hard/crtbegin.o

.rodata         0x08008b10      0x9d0
                0x08008b10                        . = ALIGN (0x4)
 *(.rodata)
 .rodata        0x08008b10       0x44 ./Core/Src/freertos.o
 .rodata        0x08008b54        0x5 ./Middlewares/Third_Party/FreeRTOS/Source/tasks.o
 *fill*         0x08008b59        0x3 
 .rodata        0x08008b5c        0xd ./Middlewares/Third_Party/FreeRTOS/Source/timers.o
 *(.rodata*)
 *fill*         0x08008b69        0x3 
 .rodata.MUX1_TEMP
                0x08008b6c        0x8 ./Core/Src/freertos.o
                0x08008b6c                MUX1_TEMP
 .rodata.MUX2_TEMP
                0x08008b74        0x8 ./Core/Src/freertos.o
                0x08008b74                MUX2_TEMP
 .rodata.MUX3_TEMP
                0x08008b7c        0x8 ./Core/Src/freertos.o
                0x08008b7c                MUX3_TEMP
 .rodata.MUX4_TEMP
                0x08008b84        0x8 ./Core/Src/freertos.o
                0x08008b84                MUX4_TEMP
 .rodata.MUX5_TEMP
                0x08008b8c        0x8 ./Core/Src/freertos.o
                0x08008b8c                MUX5_TEMP
 .rodata.MUX6_TEMP
                0x08008b94        0x8 ./Core/Src/freertos.o
                0x08008b94                MUX6_TEMP
 .rodata.BMS_ERROR_CODE
                0x08008b9c        0x8 ./Core/Src/freertos.o
                0x08008b9c                BMS_ERROR_CODE
 .rodata.defaultTask_attributes
                0x08008ba4       0x24 ./Core/Src/freertos.o
                0x08008ba4                defaultTask_attributes
 .rodata.temp_sense_attributes
                0x08008bc8       0x24 ./Core/Src/freertos.o
                0x08008bc8                temp_sense_attributes
 .rodata.can_transmitter_attributes
                0x08008bec       0x24 ./Core/Src/freertos.o
                0x08008bec                can_transmitter_attributes
 .rodata.temp_sensor_data_attributes
                0x08008c10       0x18 ./Core/Src/freertos.o
                0x08008c10                temp_sensor_data_attributes
 .rodata.TempSem_attributes
                0x08008c28       0x10 ./Core/Src/freertos.o
                0x08008c28                TempSem_attributes
 .rodata.AHBPrescTable
                0x08008c38       0x10 ./Core/Src/system_stm32f7xx.o
                0x08008c38                AHBPrescTable
 .rodata.flagBitshiftOffset.0
                0x08008c48        0x8 ./Drivers/STM32F7xx_HAL_Driver/Src/stm32f7xx_hal_dma.o
 .rodata.__log_data
                0x08008c50      0x890 C:/ST/STM32CubeIDE_1.15.1/STM32CubeIDE/plugins/com.st.stm32cube.ide.mcu.externaltools.gnu-tools-for-stm32.12.3.rel1.win32_1.0.100.202403111256/tools/bin/../lib/gcc/arm-none-eabi/12.3.1/../../../../arm-none-eabi/lib/thumb/v7e-m+dp/hard\libm.a(libm_a-log_data.o)
                0x08008c50                __log_data
                0x080094e0                        . = ALIGN (0x4)

.ARM.extab      0x080094e0        0x0
                0x080094e0                        . = ALIGN (0x4)
 *(.ARM.extab* .gnu.linkonce.armextab.*)
                0x080094e0                        . = ALIGN (0x4)

.ARM            0x080094e0        0x8
                0x080094e0                        . = ALIGN (0x4)
                0x080094e0                        __exidx_start = .
 *(.ARM.exidx*)
 .ARM.exidx     0x080094e0        0x8 C:/ST/STM32CubeIDE_1.15.1/STM32CubeIDE/plugins/com.st.stm32cube.ide.mcu.externaltools.gnu-tools-for-stm32.12.3.rel1.win32_1.0.100.202403111256/tools/bin/../lib/gcc/arm-none-eabi/12.3.1/thumb/v7e-m+dp/hard\libgcc.a(_udivmoddi4.o)
                0x080094e8                        __exidx_end = .
                0x080094e8                        . = ALIGN (0x4)

.preinit_array  0x080094e8        0x0
                0x080094e8                        . = ALIGN (0x4)
                0x080094e8                        PROVIDE (__preinit_array_start = .)
 *(.preinit_array*)
                0x080094e8                        PROVIDE (__preinit_array_end = .)
                0x080094e8                        . = ALIGN (0x4)

.init_array     0x080094e8        0x4
                0x080094e8                        . = ALIGN (0x4)
                0x080094e8                        PROVIDE (__init_array_start = .)
 *(SORT_BY_NAME(.init_array.*))
 *(.init_array*)
 .init_array    0x080094e8        0x4 C:/ST/STM32CubeIDE_1.15.1/STM32CubeIDE/plugins/com.st.stm32cube.ide.mcu.externaltools.gnu-tools-for-stm32.12.3.rel1.win32_1.0.100.202403111256/tools/bin/../lib/gcc/arm-none-eabi/12.3.1/thumb/v7e-m+dp/hard/crtbegin.o
                0x080094ec                        PROVIDE (__init_array_end = .)
                0x080094ec                        . = ALIGN (0x4)

.fini_array     0x080094ec        0x4
                0x080094ec                        . = ALIGN (0x4)
                [!provide]                        PROVIDE (__fini_array_start = .)
 *(SORT_BY_NAME(.fini_array.*))
 *(.fini_array*)
 .fini_array    0x080094ec        0x4 C:/ST/STM32CubeIDE_1.15.1/STM32CubeIDE/plugins/com.st.stm32cube.ide.mcu.externaltools.gnu-tools-for-stm32.12.3.rel1.win32_1.0.100.202403111256/tools/bin/../lib/gcc/arm-none-eabi/12.3.1/thumb/v7e-m+dp/hard/crtbegin.o
                [!provide]                        PROVIDE (__fini_array_end = .)
                0x080094f0                        . = ALIGN (0x4)
                0x080094f0                        _sidata = LOADADDR (.data)

.rel.dyn        0x080094f0        0x0
 .rel.iplt      0x080094f0        0x0 C:/ST/STM32CubeIDE_1.15.1/STM32CubeIDE/plugins/com.st.stm32cube.ide.mcu.externaltools.gnu-tools-for-stm32.12.3.rel1.win32_1.0.100.202403111256/tools/bin/../lib/gcc/arm-none-eabi/12.3.1/thumb/v7e-m+dp/hard/crtbegin.o

.data           0x20000000       0x64 load address 0x080094f0
                0x20000000                        . = ALIGN (0x4)
                0x20000000                        _sdata = .
 *(.data)
 *(.data*)
 .data.SystemCoreClock
                0x20000000        0x4 ./Core/Src/system_stm32f7xx.o
                0x20000000                SystemCoreClock
 .data.rear     0x20000004        0x1 ./Core/Src/temp_sensing.o
 *fill*         0x20000005        0x3 
 .data.uwTickPrio
                0x20000008        0x4 ./Drivers/STM32F7xx_HAL_Driver/Src/stm32f7xx_hal.o
                0x20000008                uwTickPrio
 .data.uwTickFreq
                0x2000000c        0x1 ./Drivers/STM32F7xx_HAL_Driver/Src/stm32f7xx_hal.o
                0x2000000c                uwTickFreq
 *fill*         0x2000000d        0x3 
 .data.uxCriticalNesting
                0x20000010        0x4 ./Middlewares/Third_Party/FreeRTOS/Source/portable/GCC/ARM_CM7/r0p1/port.o
 .data._impure_ptr
                0x20000014        0x4 C:/ST/STM32CubeIDE_1.15.1/STM32CubeIDE/plugins/com.st.stm32cube.ide.mcu.externaltools.gnu-tools-for-stm32.12.3.rel1.win32_1.0.100.202403111256/tools/bin/../lib/gcc/arm-none-eabi/12.3.1/../../../../arm-none-eabi/lib/thumb/v7e-m+dp/hard\libc_nano.a(libc_a-impure.o)
                0x20000014                _impure_ptr
 .data._impure_data
                0x20000018       0x4c C:/ST/STM32CubeIDE_1.15.1/STM32CubeIDE/plugins/com.st.stm32cube.ide.mcu.externaltools.gnu-tools-for-stm32.12.3.rel1.win32_1.0.100.202403111256/tools/bin/../lib/gcc/arm-none-eabi/12.3.1/../../../../arm-none-eabi/lib/thumb/v7e-m+dp/hard\libc_nano.a(libc_a-impure.o)
                0x20000018                _impure_data
 *(.RamFunc)
 *(.RamFunc*)
                0x20000064                        . = ALIGN (0x4)
                0x20000064                        _edata = .

.igot.plt       0x20000064        0x0 load address 0x08009554
 .igot.plt      0x20000064        0x0 C:/ST/STM32CubeIDE_1.15.1/STM32CubeIDE/plugins/com.st.stm32cube.ide.mcu.externaltools.gnu-tools-for-stm32.12.3.rel1.win32_1.0.100.202403111256/tools/bin/../lib/gcc/arm-none-eabi/12.3.1/thumb/v7e-m+dp/hard/crtbegin.o
                0x20000064                        . = ALIGN (0x4)

.bss            0x20000064     0x4cf4 load address 0x08009554
                0x20000064                        _sbss = .
                0x20000064                        __bss_start__ = _sbss
 *(.bss)
 .bss           0x20000064       0x1c C:/ST/STM32CubeIDE_1.15.1/STM32CubeIDE/plugins/com.st.stm32cube.ide.mcu.externaltools.gnu-tools-for-stm32.12.3.rel1.win32_1.0.100.202403111256/tools/bin/../lib/gcc/arm-none-eabi/12.3.1/thumb/v7e-m+dp/hard/crtbegin.o
 *(.bss*)
 .bss.hadc1     0x20000080       0x48 ./Core/Src/adc.o
                0x20000080                hadc1
 .bss.hadc3     0x200000c8       0x48 ./Core/Src/adc.o
                0x200000c8                hadc3
 .bss.hdma_adc3
                0x20000110       0x60 ./Core/Src/adc.o
                0x20000110                hdma_adc3
 .bss.hcan2     0x20000170       0x28 ./Core/Src/can.o
                0x20000170                hcan2
 .bss.hcan3     0x20000198       0x28 ./Core/Src/can.o
                0x20000198                hcan3
 .bss.tx_mailbox
                0x200001c0        0x4 ./Core/Src/can_driver.o
 .bss.defaultTaskHandle
                0x200001c4        0x4 ./Core/Src/freertos.o
                0x200001c4                defaultTaskHandle
 .bss.temp_senseHandle
                0x200001c8        0x4 ./Core/Src/freertos.o
                0x200001c8                temp_senseHandle
 .bss.can_transmitterHandle
                0x200001cc        0x4 ./Core/Src/freertos.o
                0x200001cc                can_transmitterHandle
 .bss.temp_sensor_dataHandle
                0x200001d0        0x4 ./Core/Src/freertos.o
                0x200001d0                temp_sensor_dataHandle
 .bss.TempSemHandle
                0x200001d4        0x4 ./Core/Src/freertos.o
                0x200001d4                TempSemHandle
 .bss.adc_data  0x200001d8       0x18 ./Core/Src/main.o
                0x200001d8                adc_data
 .bss.htim2     0x200001f0       0x4c ./Core/Src/tim.o
                0x200001f0                htim2
 .bss.htim3     0x2000023c       0x4c ./Core/Src/tim.o
                0x2000023c                htim3
 .bss.htim4     0x20000288       0x4c ./Core/Src/tim.o
                0x20000288                htim4
 .bss.uwTick    0x200002d4        0x4 ./Drivers/STM32F7xx_HAL_Driver/Src/stm32f7xx_hal.o
                0x200002d4                uwTick
 .bss.KernelState
                0x200002d8        0x4 ./Middlewares/Third_Party/FreeRTOS/Source/CMSIS_RTOS_V2/cmsis_os2.o
 .bss.Idle_TCB  0x200002dc       0x5c ./Middlewares/Third_Party/FreeRTOS/Source/CMSIS_RTOS_V2/cmsis_os2.o
 .bss.Idle_Stack
                0x20000338      0x200 ./Middlewares/Third_Party/FreeRTOS/Source/CMSIS_RTOS_V2/cmsis_os2.o
 .bss.Timer_TCB
                0x20000538       0x5c ./Middlewares/Third_Party/FreeRTOS/Source/CMSIS_RTOS_V2/cmsis_os2.o
 .bss.Timer_Stack
                0x20000594      0x400 ./Middlewares/Third_Party/FreeRTOS/Source/CMSIS_RTOS_V2/cmsis_os2.o
 .bss.xQueueRegistry
                0x20000994       0x40 ./Middlewares/Third_Party/FreeRTOS/Source/queue.o
                0x20000994                xQueueRegistry
 .bss.pxCurrentTCB
                0x200009d4        0x4 ./Middlewares/Third_Party/FreeRTOS/Source/tasks.o
                0x200009d4                pxCurrentTCB
 .bss.pxReadyTasksLists
                0x200009d8      0x460 ./Middlewares/Third_Party/FreeRTOS/Source/tasks.o
 .bss.xDelayedTaskList1
                0x20000e38       0x14 ./Middlewares/Third_Party/FreeRTOS/Source/tasks.o
 .bss.xDelayedTaskList2
                0x20000e4c       0x14 ./Middlewares/Third_Party/FreeRTOS/Source/tasks.o
 .bss.pxDelayedTaskList
                0x20000e60        0x4 ./Middlewares/Third_Party/FreeRTOS/Source/tasks.o
 .bss.pxOverflowDelayedTaskList
                0x20000e64        0x4 ./Middlewares/Third_Party/FreeRTOS/Source/tasks.o
 .bss.xPendingReadyList
                0x20000e68       0x14 ./Middlewares/Third_Party/FreeRTOS/Source/tasks.o
 .bss.xTasksWaitingTermination
                0x20000e7c       0x14 ./Middlewares/Third_Party/FreeRTOS/Source/tasks.o
 .bss.uxDeletedTasksWaitingCleanUp
                0x20000e90        0x4 ./Middlewares/Third_Party/FreeRTOS/Source/tasks.o
 .bss.xSuspendedTaskList
                0x20000e94       0x14 ./Middlewares/Third_Party/FreeRTOS/Source/tasks.o
 .bss.uxCurrentNumberOfTasks
                0x20000ea8        0x4 ./Middlewares/Third_Party/FreeRTOS/Source/tasks.o
 .bss.xTickCount
                0x20000eac        0x4 ./Middlewares/Third_Party/FreeRTOS/Source/tasks.o
 .bss.uxTopReadyPriority
                0x20000eb0        0x4 ./Middlewares/Third_Party/FreeRTOS/Source/tasks.o
 .bss.xSchedulerRunning
                0x20000eb4        0x4 ./Middlewares/Third_Party/FreeRTOS/Source/tasks.o
 .bss.uxPendedTicks
                0x20000eb8        0x4 ./Middlewares/Third_Party/FreeRTOS/Source/tasks.o
 .bss.xYieldPending
                0x20000ebc        0x4 ./Middlewares/Third_Party/FreeRTOS/Source/tasks.o
 .bss.xNumOfOverflows
                0x20000ec0        0x4 ./Middlewares/Third_Party/FreeRTOS/Source/tasks.o
 .bss.uxTaskNumber
                0x20000ec4        0x4 ./Middlewares/Third_Party/FreeRTOS/Source/tasks.o
 .bss.xNextTaskUnblockTime
                0x20000ec8        0x4 ./Middlewares/Third_Party/FreeRTOS/Source/tasks.o
 .bss.xIdleTaskHandle
                0x20000ecc        0x4 ./Middlewares/Third_Party/FreeRTOS/Source/tasks.o
 .bss.uxSchedulerSuspended
                0x20000ed0        0x4 ./Middlewares/Third_Party/FreeRTOS/Source/tasks.o
 .bss.xActiveTimerList1
                0x20000ed4       0x14 ./Middlewares/Third_Party/FreeRTOS/Source/timers.o
 .bss.xActiveTimerList2
                0x20000ee8       0x14 ./Middlewares/Third_Party/FreeRTOS/Source/timers.o
 .bss.pxCurrentTimerList
                0x20000efc        0x4 ./Middlewares/Third_Party/FreeRTOS/Source/timers.o
 .bss.pxOverflowTimerList
                0x20000f00        0x4 ./Middlewares/Third_Party/FreeRTOS/Source/timers.o
 .bss.xTimerQueue
                0x20000f04        0x4 ./Middlewares/Third_Party/FreeRTOS/Source/timers.o
 .bss.xTimerTaskHandle
                0x20000f08        0x4 ./Middlewares/Third_Party/FreeRTOS/Source/timers.o
 .bss.xLastTime.2
                0x20000f0c        0x4 ./Middlewares/Third_Party/FreeRTOS/Source/timers.o
 .bss.ucStaticTimerQueueStorage.1
                0x20000f10       0xa0 ./Middlewares/Third_Party/FreeRTOS/Source/timers.o
 .bss.xStaticTimerQueue.0
                0x20000fb0       0x50 ./Middlewares/Third_Party/FreeRTOS/Source/timers.o
 .bss.ucMaxSysCallPriority
                0x20001000        0x1 ./Middlewares/Third_Party/FreeRTOS/Source/portable/GCC/ARM_CM7/r0p1/port.o
 *fill*         0x20001001        0x3 
 .bss.ulMaxPRIGROUPValue
                0x20001004        0x4 ./Middlewares/Third_Party/FreeRTOS/Source/portable/GCC/ARM_CM7/r0p1/port.o
 .bss.ucHeap    0x20001008     0x3c00 ./Middlewares/Third_Party/FreeRTOS/Source/portable/MemMang/heap_4.o
 .bss.xStart    0x20004c08        0x8 ./Middlewares/Third_Party/FreeRTOS/Source/portable/MemMang/heap_4.o
 .bss.pxEnd     0x20004c10        0x4 ./Middlewares/Third_Party/FreeRTOS/Source/portable/MemMang/heap_4.o
 .bss.xFreeBytesRemaining
                0x20004c14        0x4 ./Middlewares/Third_Party/FreeRTOS/Source/portable/MemMang/heap_4.o
 .bss.xMinimumEverFreeBytesRemaining
                0x20004c18        0x4 ./Middlewares/Third_Party/FreeRTOS/Source/portable/MemMang/heap_4.o
 .bss.xBlockAllocatedBit
                0x20004c1c        0x4 ./Middlewares/Third_Party/FreeRTOS/Source/portable/MemMang/heap_4.o
 .bss.__sf      0x20004c20      0x138 C:/ST/STM32CubeIDE_1.15.1/STM32CubeIDE/plugins/com.st.stm32cube.ide.mcu.externaltools.gnu-tools-for-stm32.12.3.rel1.win32_1.0.100.202403111256/tools/bin/../lib/gcc/arm-none-eabi/12.3.1/../../../../arm-none-eabi/lib/thumb/v7e-m+dp/hard\libc_nano.a(libc_a-findfp.o)
                0x20004c20                __sf
 *(COMMON)
                0x20004d58                        . = ALIGN (0x4)
                0x20004d58                        _ebss = .
                0x20004d58                        __bss_end__ = _ebss

._user_heap_stack
                0x20004d58      0x600 load address 0x08009554
                0x20004d58                        . = ALIGN (0x8)
                [!provide]                        PROVIDE (end = .)
                0x20004d58                        PROVIDE (_end = .)
                0x20004f58                        . = (. + _Min_Heap_Size)
 *fill*         0x20004d58      0x200 
                0x20005358                        . = (. + _Min_Stack_Size)
 *fill*         0x20004f58      0x400 
                0x20005358                        . = ALIGN (0x8)

/DISCARD/
 libc.a(*)
 libm.a(*)
 libgcc.a(*)

.ARM.attributes
                0x00000000       0x2e
 *(.ARM.attributes)
 .ARM.attributes
                0x00000000       0x20 C:/ST/STM32CubeIDE_1.15.1/STM32CubeIDE/plugins/com.st.stm32cube.ide.mcu.externaltools.gnu-tools-for-stm32.12.3.rel1.win32_1.0.100.202403111256/tools/bin/../lib/gcc/arm-none-eabi/12.3.1/thumb/v7e-m+dp/hard/crti.o
 .ARM.attributes
                0x00000020       0x32 C:/ST/STM32CubeIDE_1.15.1/STM32CubeIDE/plugins/com.st.stm32cube.ide.mcu.externaltools.gnu-tools-for-stm32.12.3.rel1.win32_1.0.100.202403111256/tools/bin/../lib/gcc/arm-none-eabi/12.3.1/thumb/v7e-m+dp/hard/crtbegin.o
 .ARM.attributes
                0x00000052       0x32 ./Core/Src/adc.o
 .ARM.attributes
                0x00000084       0x32 ./Core/Src/can.o
 .ARM.attributes
                0x000000b6       0x32 ./Core/Src/can_driver.o
 .ARM.attributes
                0x000000e8       0x32 ./Core/Src/dma.o
 .ARM.attributes
                0x0000011a       0x32 ./Core/Src/freertos.o
 .ARM.attributes
                0x0000014c       0x32 ./Core/Src/gpio.o
 .ARM.attributes
                0x0000017e       0x32 ./Core/Src/main.o
 .ARM.attributes
                0x000001b0       0x32 ./Core/Src/stm32f7xx_hal_msp.o
 .ARM.attributes
                0x000001e2       0x32 ./Core/Src/stm32f7xx_it.o
 .ARM.attributes
                0x00000214       0x32 ./Core/Src/system_stm32f7xx.o
 .ARM.attributes
                0x00000246       0x32 ./Core/Src/temp_sensing.o
 .ARM.attributes
                0x00000278       0x32 ./Core/Src/tim.o
 .ARM.attributes
                0x000002aa       0x21 ./Core/Startup/startup_stm32f767zitx.o
 .ARM.attributes
                0x000002cb       0x32 ./Drivers/STM32F7xx_HAL_Driver/Src/stm32f7xx_hal.o
 .ARM.attributes
                0x000002fd       0x32 ./Drivers/STM32F7xx_HAL_Driver/Src/stm32f7xx_hal_adc.o
 .ARM.attributes
                0x0000032f       0x32 ./Drivers/STM32F7xx_HAL_Driver/Src/stm32f7xx_hal_can.o
 .ARM.attributes
                0x00000361       0x32 ./Drivers/STM32F7xx_HAL_Driver/Src/stm32f7xx_hal_cortex.o
 .ARM.attributes
                0x00000393       0x32 ./Drivers/STM32F7xx_HAL_Driver/Src/stm32f7xx_hal_dma.o
 .ARM.attributes
                0x000003c5       0x32 ./Drivers/STM32F7xx_HAL_Driver/Src/stm32f7xx_hal_gpio.o
 .ARM.attributes
                0x000003f7       0x32 ./Drivers/STM32F7xx_HAL_Driver/Src/stm32f7xx_hal_pwr.o
 .ARM.attributes
                0x00000429       0x32 ./Drivers/STM32F7xx_HAL_Driver/Src/stm32f7xx_hal_pwr_ex.o
 .ARM.attributes
                0x0000045b       0x32 ./Drivers/STM32F7xx_HAL_Driver/Src/stm32f7xx_hal_rcc.o
 .ARM.attributes
                0x0000048d       0x32 ./Drivers/STM32F7xx_HAL_Driver/Src/stm32f7xx_hal_tim.o
 .ARM.attributes
                0x000004bf       0x32 ./Drivers/STM32F7xx_HAL_Driver/Src/stm32f7xx_hal_tim_ex.o
 .ARM.attributes
                0x000004f1       0x32 ./Middlewares/Third_Party/FreeRTOS/Source/CMSIS_RTOS_V2/cmsis_os2.o
 .ARM.attributes
                0x00000523       0x32 ./Middlewares/Third_Party/FreeRTOS/Source/list.o
 .ARM.attributes
                0x00000555       0x32 ./Middlewares/Third_Party/FreeRTOS/Source/queue.o
 .ARM.attributes
                0x00000587       0x32 ./Middlewares/Third_Party/FreeRTOS/Source/tasks.o
 .ARM.attributes
                0x000005b9       0x32 ./Middlewares/Third_Party/FreeRTOS/Source/timers.o
 .ARM.attributes
                0x000005eb       0x32 ./Middlewares/Third_Party/FreeRTOS/Source/portable/GCC/ARM_CM7/r0p1/port.o
 .ARM.attributes
                0x0000061d       0x32 ./Middlewares/Third_Party/FreeRTOS/Source/portable/MemMang/heap_4.o
 .ARM.attributes
                0x0000064f       0x32 C:/ST/STM32CubeIDE_1.15.1/STM32CubeIDE/plugins/com.st.stm32cube.ide.mcu.externaltools.gnu-tools-for-stm32.12.3.rel1.win32_1.0.100.202403111256/tools/bin/../lib/gcc/arm-none-eabi/12.3.1/../../../../arm-none-eabi/lib/thumb/v7e-m+dp/hard\libc_nano.a(libc_a-findfp.o)
 .ARM.attributes
                0x00000681       0x32 C:/ST/STM32CubeIDE_1.15.1/STM32CubeIDE/plugins/com.st.stm32cube.ide.mcu.externaltools.gnu-tools-for-stm32.12.3.rel1.win32_1.0.100.202403111256/tools/bin/../lib/gcc/arm-none-eabi/12.3.1/../../../../arm-none-eabi/lib/thumb/v7e-m+dp/hard\libc_nano.a(libc_a-memset.o)
 .ARM.attributes
                0x000006b3       0x32 C:/ST/STM32CubeIDE_1.15.1/STM32CubeIDE/plugins/com.st.stm32cube.ide.mcu.externaltools.gnu-tools-for-stm32.12.3.rel1.win32_1.0.100.202403111256/tools/bin/../lib/gcc/arm-none-eabi/12.3.1/../../../../arm-none-eabi/lib/thumb/v7e-m+dp/hard\libc_nano.a(libc_a-impure.o)
 .ARM.attributes
                0x000006e5       0x32 C:/ST/STM32CubeIDE_1.15.1/STM32CubeIDE/plugins/com.st.stm32cube.ide.mcu.externaltools.gnu-tools-for-stm32.12.3.rel1.win32_1.0.100.202403111256/tools/bin/../lib/gcc/arm-none-eabi/12.3.1/../../../../arm-none-eabi/lib/thumb/v7e-m+dp/hard\libc_nano.a(libc_a-errno.o)
 .ARM.attributes
                0x00000717       0x32 C:/ST/STM32CubeIDE_1.15.1/STM32CubeIDE/plugins/com.st.stm32cube.ide.mcu.externaltools.gnu-tools-for-stm32.12.3.rel1.win32_1.0.100.202403111256/tools/bin/../lib/gcc/arm-none-eabi/12.3.1/../../../../arm-none-eabi/lib/thumb/v7e-m+dp/hard\libc_nano.a(libc_a-init.o)
 .ARM.attributes
                0x00000749       0x32 C:/ST/STM32CubeIDE_1.15.1/STM32CubeIDE/plugins/com.st.stm32cube.ide.mcu.externaltools.gnu-tools-for-stm32.12.3.rel1.win32_1.0.100.202403111256/tools/bin/../lib/gcc/arm-none-eabi/12.3.1/../../../../arm-none-eabi/lib/thumb/v7e-m+dp/hard\libc_nano.a(libc_a-memcpy-stub.o)
 .ARM.attributes
                0x0000077b       0x32 C:/ST/STM32CubeIDE_1.15.1/STM32CubeIDE/plugins/com.st.stm32cube.ide.mcu.externaltools.gnu-tools-for-stm32.12.3.rel1.win32_1.0.100.202403111256/tools/bin/../lib/gcc/arm-none-eabi/12.3.1/../../../../arm-none-eabi/lib/thumb/v7e-m+dp/hard\libm.a(libm_a-log.o)
 .ARM.attributes
                0x000007ad       0x32 C:/ST/STM32CubeIDE_1.15.1/STM32CubeIDE/plugins/com.st.stm32cube.ide.mcu.externaltools.gnu-tools-for-stm32.12.3.rel1.win32_1.0.100.202403111256/tools/bin/../lib/gcc/arm-none-eabi/12.3.1/../../../../arm-none-eabi/lib/thumb/v7e-m+dp/hard\libm.a(libm_a-log_data.o)
 .ARM.attributes
                0x000007df       0x32 C:/ST/STM32CubeIDE_1.15.1/STM32CubeIDE/plugins/com.st.stm32cube.ide.mcu.externaltools.gnu-tools-for-stm32.12.3.rel1.win32_1.0.100.202403111256/tools/bin/../lib/gcc/arm-none-eabi/12.3.1/../../../../arm-none-eabi/lib/thumb/v7e-m+dp/hard\libm.a(libm_a-math_err.o)
 .ARM.attributes
                0x00000811       0x20 C:/ST/STM32CubeIDE_1.15.1/STM32CubeIDE/plugins/com.st.stm32cube.ide.mcu.externaltools.gnu-tools-for-stm32.12.3.rel1.win32_1.0.100.202403111256/tools/bin/../lib/gcc/arm-none-eabi/12.3.1/thumb/v7e-m+dp/hard\libgcc.a(_aeabi_uldivmod.o)
 .ARM.attributes
                0x00000831       0x32 C:/ST/STM32CubeIDE_1.15.1/STM32CubeIDE/plugins/com.st.stm32cube.ide.mcu.externaltools.gnu-tools-for-stm32.12.3.rel1.win32_1.0.100.202403111256/tools/bin/../lib/gcc/arm-none-eabi/12.3.1/thumb/v7e-m+dp/hard\libgcc.a(_udivmoddi4.o)
 .ARM.attributes
                0x00000863       0x20 C:/ST/STM32CubeIDE_1.15.1/STM32CubeIDE/plugins/com.st.stm32cube.ide.mcu.externaltools.gnu-tools-for-stm32.12.3.rel1.win32_1.0.100.202403111256/tools/bin/../lib/gcc/arm-none-eabi/12.3.1/thumb/v7e-m+dp/hard\libgcc.a(_dvmd_tls.o)
 .ARM.attributes
                0x00000883       0x20 C:/ST/STM32CubeIDE_1.15.1/STM32CubeIDE/plugins/com.st.stm32cube.ide.mcu.externaltools.gnu-tools-for-stm32.12.3.rel1.win32_1.0.100.202403111256/tools/bin/../lib/gcc/arm-none-eabi/12.3.1/thumb/v7e-m+dp/hard/crtn.o
OUTPUT(BMS.elf elf32-littlearm)
LOAD linker stubs
LOAD C:/ST/STM32CubeIDE_1.15.1/STM32CubeIDE/plugins/com.st.stm32cube.ide.mcu.externaltools.gnu-tools-for-stm32.12.3.rel1.win32_1.0.100.202403111256/tools/bin/../lib/gcc/arm-none-eabi/12.3.1/../../../../arm-none-eabi/lib/thumb/v7e-m+dp/hard\libc.a
LOAD C:/ST/STM32CubeIDE_1.15.1/STM32CubeIDE/plugins/com.st.stm32cube.ide.mcu.externaltools.gnu-tools-for-stm32.12.3.rel1.win32_1.0.100.202403111256/tools/bin/../lib/gcc/arm-none-eabi/12.3.1/../../../../arm-none-eabi/lib/thumb/v7e-m+dp/hard\libm.a
LOAD C:/ST/STM32CubeIDE_1.15.1/STM32CubeIDE/plugins/com.st.stm32cube.ide.mcu.externaltools.gnu-tools-for-stm32.12.3.rel1.win32_1.0.100.202403111256/tools/bin/../lib/gcc/arm-none-eabi/12.3.1/thumb/v7e-m+dp/hard\libgcc.a

.debug_info     0x00000000    0x1a2d8
 .debug_info    0x00000000      0xaa4 ./Core/Src/adc.o
 .debug_info    0x00000aa4      0x8e4 ./Core/Src/can.o
 .debug_info    0x00001388      0x83f ./Core/Src/can_driver.o
 .debug_info    0x00001bc7      0x573 ./Core/Src/dma.o
 .debug_info    0x0000213a      0xe95 ./Core/Src/freertos.o
 .debug_info    0x00002fcf      0x4b5 ./Core/Src/gpio.o
 .debug_info    0x00003484      0xf33 ./Core/Src/main.o
 .debug_info    0x000043b7      0x57d ./Core/Src/stm32f7xx_hal_msp.o
 .debug_info    0x00004934      0x3b1 ./Core/Src/stm32f7xx_it.o
 .debug_info    0x00004ce5      0x6ed ./Core/Src/system_stm32f7xx.o
 .debug_info    0x000053d2      0x97a ./Core/Src/temp_sensing.o
 .debug_info    0x00005d4c      0xd9c ./Core/Src/tim.o
 .debug_info    0x00006ae8       0x30 ./Core/Startup/startup_stm32f767zitx.o
 .debug_info    0x00006b18      0xa4c ./Drivers/STM32F7xx_HAL_Driver/Src/stm32f7xx_hal.o
 .debug_info    0x00007564      0xc83 ./Drivers/STM32F7xx_HAL_Driver/Src/stm32f7xx_hal_adc.o
 .debug_info    0x000081e7      0xf0c ./Drivers/STM32F7xx_HAL_Driver/Src/stm32f7xx_hal_can.o
 .debug_info    0x000090f3      0xfc0 ./Drivers/STM32F7xx_HAL_Driver/Src/stm32f7xx_hal_cortex.o
 .debug_info    0x0000a0b3      0x8e7 ./Drivers/STM32F7xx_HAL_Driver/Src/stm32f7xx_hal_dma.o
 .debug_info    0x0000a99a      0x6f3 ./Drivers/STM32F7xx_HAL_Driver/Src/stm32f7xx_hal_gpio.o
 .debug_info    0x0000b08d      0x90e ./Drivers/STM32F7xx_HAL_Driver/Src/stm32f7xx_hal_pwr.o
 .debug_info    0x0000b99b      0x8cd ./Drivers/STM32F7xx_HAL_Driver/Src/stm32f7xx_hal_pwr_ex.o
 .debug_info    0x0000c268      0x937 ./Drivers/STM32F7xx_HAL_Driver/Src/stm32f7xx_hal_rcc.o
 .debug_info    0x0000cb9f     0x2ad5 ./Drivers/STM32F7xx_HAL_Driver/Src/stm32f7xx_hal_tim.o
 .debug_info    0x0000f674     0x16bb ./Drivers/STM32F7xx_HAL_Driver/Src/stm32f7xx_hal_tim_ex.o
 .debug_info    0x00010d2f     0x39be ./Middlewares/Third_Party/FreeRTOS/Source/CMSIS_RTOS_V2/cmsis_os2.o
 .debug_info    0x000146ed      0x2af ./Middlewares/Third_Party/FreeRTOS/Source/list.o
 .debug_info    0x0001499c     0x1b68 ./Middlewares/Third_Party/FreeRTOS/Source/queue.o
 .debug_info    0x00016504     0x2143 ./Middlewares/Third_Party/FreeRTOS/Source/tasks.o
 .debug_info    0x00018647     0x1427 ./Middlewares/Third_Party/FreeRTOS/Source/timers.o
 .debug_info    0x00019a6e      0x4a7 ./Middlewares/Third_Party/FreeRTOS/Source/portable/GCC/ARM_CM7/r0p1/port.o
 .debug_info    0x00019f15      0x3c3 ./Middlewares/Third_Party/FreeRTOS/Source/portable/MemMang/heap_4.o

.debug_abbrev   0x00000000     0x4391
 .debug_abbrev  0x00000000      0x234 ./Core/Src/adc.o
 .debug_abbrev  0x00000234      0x207 ./Core/Src/can.o
 .debug_abbrev  0x0000043b      0x222 ./Core/Src/can_driver.o
 .debug_abbrev  0x0000065d      0x10e ./Core/Src/dma.o
 .debug_abbrev  0x0000076b      0x220 ./Core/Src/freertos.o
 .debug_abbrev  0x0000098b      0x152 ./Core/Src/gpio.o
 .debug_abbrev  0x00000add      0x283 ./Core/Src/main.o
 .debug_abbrev  0x00000d60      0x119 ./Core/Src/stm32f7xx_hal_msp.o
 .debug_abbrev  0x00000e79      0x17e ./Core/Src/stm32f7xx_it.o
 .debug_abbrev  0x00000ff7      0x13b ./Core/Src/system_stm32f7xx.o
 .debug_abbrev  0x00001132      0x20a ./Core/Src/temp_sensing.o
 .debug_abbrev  0x0000133c      0x267 ./Core/Src/tim.o
 .debug_abbrev  0x000015a3       0x24 ./Core/Startup/startup_stm32f767zitx.o
 .debug_abbrev  0x000015c7      0x213 ./Drivers/STM32F7xx_HAL_Driver/Src/stm32f7xx_hal.o
 .debug_abbrev  0x000017da      0x252 ./Drivers/STM32F7xx_HAL_Driver/Src/stm32f7xx_hal_adc.o
 .debug_abbrev  0x00001a2c      0x241 ./Drivers/STM32F7xx_HAL_Driver/Src/stm32f7xx_hal_can.o
 .debug_abbrev  0x00001c6d      0x31e ./Drivers/STM32F7xx_HAL_Driver/Src/stm32f7xx_hal_cortex.o
 .debug_abbrev  0x00001f8b      0x264 ./Drivers/STM32F7xx_HAL_Driver/Src/stm32f7xx_hal_dma.o
 .debug_abbrev  0x000021ef      0x1d4 ./Drivers/STM32F7xx_HAL_Driver/Src/stm32f7xx_hal_gpio.o
 .debug_abbrev  0x000023c3      0x1c5 ./Drivers/STM32F7xx_HAL_Driver/Src/stm32f7xx_hal_pwr.o
 .debug_abbrev  0x00002588      0x1d5 ./Drivers/STM32F7xx_HAL_Driver/Src/stm32f7xx_hal_pwr_ex.o
 .debug_abbrev  0x0000275d      0x2de ./Drivers/STM32F7xx_HAL_Driver/Src/stm32f7xx_hal_rcc.o
 .debug_abbrev  0x00002a3b      0x278 ./Drivers/STM32F7xx_HAL_Driver/Src/stm32f7xx_hal_tim.o
 .debug_abbrev  0x00002cb3      0x283 ./Drivers/STM32F7xx_HAL_Driver/Src/stm32f7xx_hal_tim_ex.o
 .debug_abbrev  0x00002f36      0x464 ./Middlewares/Third_Party/FreeRTOS/Source/CMSIS_RTOS_V2/cmsis_os2.o
 .debug_abbrev  0x0000339a       0xf5 ./Middlewares/Third_Party/FreeRTOS/Source/list.o
 .debug_abbrev  0x0000348f      0x3b6 ./Middlewares/Third_Party/FreeRTOS/Source/queue.o
 .debug_abbrev  0x00003845      0x386 ./Middlewares/Third_Party/FreeRTOS/Source/tasks.o
 .debug_abbrev  0x00003bcb      0x352 ./Middlewares/Third_Party/FreeRTOS/Source/timers.o
 .debug_abbrev  0x00003f1d      0x26f ./Middlewares/Third_Party/FreeRTOS/Source/portable/GCC/ARM_CM7/r0p1/port.o
 .debug_abbrev  0x0000418c      0x205 ./Middlewares/Third_Party/FreeRTOS/Source/portable/MemMang/heap_4.o

.debug_aranges  0x00000000     0x1658
 .debug_aranges
                0x00000000       0x38 ./Core/Src/adc.o
 .debug_aranges
                0x00000038       0x38 ./Core/Src/can.o
 .debug_aranges
                0x00000070       0x40 ./Core/Src/can_driver.o
 .debug_aranges
                0x000000b0       0x20 ./Core/Src/dma.o
 .debug_aranges
                0x000000d0       0x38 ./Core/Src/freertos.o
 .debug_aranges
                0x00000108       0x20 ./Core/Src/gpio.o
 .debug_aranges
                0x00000128       0x30 ./Core/Src/main.o
 .debug_aranges
                0x00000158       0x20 ./Core/Src/stm32f7xx_hal_msp.o
 .debug_aranges
                0x00000178       0x58 ./Core/Src/stm32f7xx_it.o
 .debug_aranges
                0x000001d0       0x28 ./Core/Src/system_stm32f7xx.o
 .debug_aranges
                0x000001f8       0x38 ./Core/Src/temp_sensing.o
 .debug_aranges
                0x00000230       0x48 ./Core/Src/tim.o
 .debug_aranges
                0x00000278       0x28 ./Core/Startup/startup_stm32f767zitx.o
 .debug_aranges
                0x000002a0      0x110 ./Drivers/STM32F7xx_HAL_Driver/Src/stm32f7xx_hal.o
 .debug_aranges
                0x000003b0       0xe8 ./Drivers/STM32F7xx_HAL_Driver/Src/stm32f7xx_hal_adc.o
 .debug_aranges
                0x00000498      0x138 ./Drivers/STM32F7xx_HAL_Driver/Src/stm32f7xx_hal_can.o
 .debug_aranges
                0x000005d0      0x128 ./Drivers/STM32F7xx_HAL_Driver/Src/stm32f7xx_hal_cortex.o
 .debug_aranges
                0x000006f8       0x90 ./Drivers/STM32F7xx_HAL_Driver/Src/stm32f7xx_hal_dma.o
 .debug_aranges
                0x00000788       0x58 ./Drivers/STM32F7xx_HAL_Driver/Src/stm32f7xx_hal_gpio.o
 .debug_aranges
                0x000007e0       0xa0 ./Drivers/STM32F7xx_HAL_Driver/Src/stm32f7xx_hal_pwr.o
 .debug_aranges
                0x00000880       0x80 ./Drivers/STM32F7xx_HAL_Driver/Src/stm32f7xx_hal_pwr_ex.o
 .debug_aranges
                0x00000900       0x88 ./Drivers/STM32F7xx_HAL_Driver/Src/stm32f7xx_hal_rcc.o
 .debug_aranges
                0x00000988      0x3e0 ./Drivers/STM32F7xx_HAL_Driver/Src/stm32f7xx_hal_tim.o
 .debug_aranges
                0x00000d68      0x180 ./Drivers/STM32F7xx_HAL_Driver/Src/stm32f7xx_hal_tim_ex.o
 .debug_aranges
                0x00000ee8      0x228 ./Middlewares/Third_Party/FreeRTOS/Source/CMSIS_RTOS_V2/cmsis_os2.o
 .debug_aranges
                0x00001110       0x40 ./Middlewares/Third_Party/FreeRTOS/Source/list.o
 .debug_aranges
                0x00001150      0x158 ./Middlewares/Third_Party/FreeRTOS/Source/queue.o
 .debug_aranges
                0x000012a8      0x1f8 ./Middlewares/Third_Party/FreeRTOS/Source/tasks.o
 .debug_aranges
                0x000014a0       0xe8 ./Middlewares/Third_Party/FreeRTOS/Source/timers.o
 .debug_aranges
                0x00001588       0x80 ./Middlewares/Third_Party/FreeRTOS/Source/portable/GCC/ARM_CM7/r0p1/port.o
 .debug_aranges
                0x00001608       0x50 ./Middlewares/Third_Party/FreeRTOS/Source/portable/MemMang/heap_4.o

.debug_rnglists
                0x00000000     0x1121
 .debug_rnglists
                0x00000000       0x29 ./Core/Src/adc.o
 .debug_rnglists
                0x00000029       0x26 ./Core/Src/can.o
 .debug_rnglists
                0x0000004f       0x2c ./Core/Src/can_driver.o
 .debug_rnglists
                0x0000007b       0x13 ./Core/Src/dma.o
 .debug_rnglists
                0x0000008e       0x27 ./Core/Src/freertos.o
 .debug_rnglists
                0x000000b5       0x14 ./Core/Src/gpio.o
 .debug_rnglists
                0x000000c9       0x20 ./Core/Src/main.o
 .debug_rnglists
                0x000000e9       0x13 ./Core/Src/stm32f7xx_hal_msp.o
 .debug_rnglists
                0x000000fc       0x3d ./Core/Src/stm32f7xx_it.o
 .debug_rnglists
                0x00000139       0x1a ./Core/Src/system_stm32f7xx.o
 .debug_rnglists
                0x00000153       0x29 ./Core/Src/temp_sensing.o
 .debug_rnglists
                0x0000017c       0x36 ./Core/Src/tim.o
 .debug_rnglists
                0x000001b2       0x19 ./Core/Startup/startup_stm32f767zitx.o
 .debug_rnglists
                0x000001cb       0xc7 ./Drivers/STM32F7xx_HAL_Driver/Src/stm32f7xx_hal.o
 .debug_rnglists
                0x00000292       0xb5 ./Drivers/STM32F7xx_HAL_Driver/Src/stm32f7xx_hal_adc.o
 .debug_rnglists
                0x00000347       0xee ./Drivers/STM32F7xx_HAL_Driver/Src/stm32f7xx_hal_can.o
 .debug_rnglists
                0x00000435       0xda ./Drivers/STM32F7xx_HAL_Driver/Src/stm32f7xx_hal_cortex.o
 .debug_rnglists
                0x0000050f       0x70 ./Drivers/STM32F7xx_HAL_Driver/Src/stm32f7xx_hal_dma.o
 .debug_rnglists
                0x0000057f       0x3f ./Drivers/STM32F7xx_HAL_Driver/Src/stm32f7xx_hal_gpio.o
 .debug_rnglists
                0x000005be       0x74 ./Drivers/STM32F7xx_HAL_Driver/Src/stm32f7xx_hal_pwr.o
 .debug_rnglists
                0x00000632       0x5f ./Drivers/STM32F7xx_HAL_Driver/Src/stm32f7xx_hal_pwr_ex.o
 .debug_rnglists
                0x00000691       0x67 ./Drivers/STM32F7xx_HAL_Driver/Src/stm32f7xx_hal_rcc.o
 .debug_rnglists
                0x000006f8      0x328 ./Drivers/STM32F7xx_HAL_Driver/Src/stm32f7xx_hal_tim.o
 .debug_rnglists
                0x00000a20      0x138 ./Drivers/STM32F7xx_HAL_Driver/Src/stm32f7xx_hal_tim_ex.o
 .debug_rnglists
                0x00000b58      0x1b5 ./Middlewares/Third_Party/FreeRTOS/Source/CMSIS_RTOS_V2/cmsis_os2.o
 .debug_rnglists
                0x00000d0d       0x2b ./Middlewares/Third_Party/FreeRTOS/Source/list.o
 .debug_rnglists
                0x00000d38      0x10a ./Middlewares/Third_Party/FreeRTOS/Source/queue.o
 .debug_rnglists
                0x00000e42      0x195 ./Middlewares/Third_Party/FreeRTOS/Source/tasks.o
 .debug_rnglists
                0x00000fd7       0xb2 ./Middlewares/Third_Party/FreeRTOS/Source/timers.o
 .debug_rnglists
                0x00001089       0x5d ./Middlewares/Third_Party/FreeRTOS/Source/portable/GCC/ARM_CM7/r0p1/port.o
 .debug_rnglists
                0x000010e6       0x3b ./Middlewares/Third_Party/FreeRTOS/Source/portable/MemMang/heap_4.o

.debug_macro    0x00000000    0x2ad64
 .debug_macro   0x00000000      0x20b ./Core/Src/adc.o
 .debug_macro   0x0000020b      0xacc ./Core/Src/adc.o
 .debug_macro   0x00000cd7      0x299 ./Core/Src/adc.o
 .debug_macro   0x00000f70       0x2e ./Core/Src/adc.o
 .debug_macro   0x00000f9e       0x3b ./Core/Src/adc.o
 .debug_macro   0x00000fd9       0x22 ./Core/Src/adc.o
 .debug_macro   0x00000ffb       0x8e ./Core/Src/adc.o
 .debug_macro   0x00001089       0x51 ./Core/Src/adc.o
 .debug_macro   0x000010da      0x103 ./Core/Src/adc.o
 .debug_macro   0x000011dd       0x6a ./Core/Src/adc.o
 .debug_macro   0x00001247      0x1df ./Core/Src/adc.o
 .debug_macro   0x00001426       0x1c ./Core/Src/adc.o
 .debug_macro   0x00001442       0x22 ./Core/Src/adc.o
 .debug_macro   0x00001464       0xd9 ./Core/Src/adc.o
 .debug_macro   0x0000153d     0x12cd ./Core/Src/adc.o
 .debug_macro   0x0000280a      0x11f ./Core/Src/adc.o
 .debug_macro   0x00002929       0x19 ./Core/Src/adc.o
 .debug_macro   0x00002942    0x1aa23 ./Core/Src/adc.o
 .debug_macro   0x0001d365       0x6d ./Core/Src/adc.o
 .debug_macro   0x0001d3d2     0x3765 ./Core/Src/adc.o
 .debug_macro   0x00020b37      0x189 ./Core/Src/adc.o
 .debug_macro   0x00020cc0       0x63 ./Core/Src/adc.o
 .debug_macro   0x00020d23     0x1add ./Core/Src/adc.o
 .debug_macro   0x00022800      0x6c4 ./Core/Src/adc.o
 .debug_macro   0x00022ec4      0x18b ./Core/Src/adc.o
 .debug_macro   0x0002304f      0x115 ./Core/Src/adc.o
 .debug_macro   0x00023164      0x26e ./Core/Src/adc.o
 .debug_macro   0x000233d2       0xa5 ./Core/Src/adc.o
 .debug_macro   0x00023477      0x24f ./Core/Src/adc.o
 .debug_macro   0x000236c6       0x71 ./Core/Src/adc.o
 .debug_macro   0x00023737       0x58 ./Core/Src/adc.o
 .debug_macro   0x0002378f      0x236 ./Core/Src/adc.o
 .debug_macro   0x000239c5      0x416 ./Core/Src/adc.o
 .debug_macro   0x00023ddb      0x153 ./Core/Src/adc.o
 .debug_macro   0x00023f2e      0x107 ./Core/Src/adc.o
 .debug_macro   0x00024035      0x40f ./Core/Src/adc.o
 .debug_macro   0x00024444      0x14e ./Core/Src/adc.o
 .debug_macro   0x00024592      0x3db ./Core/Src/adc.o
 .debug_macro   0x0002496d       0x12 ./Core/Src/adc.o
 .debug_macro   0x0002497f      0x22c ./Core/Src/adc.o
 .debug_macro   0x00024bab       0x61 ./Core/Src/adc.o
 .debug_macro   0x00024c0c       0xa5 ./Core/Src/adc.o
 .debug_macro   0x00024cb1      0x12e ./Core/Src/adc.o
 .debug_macro   0x00024ddf      0x108 ./Core/Src/adc.o
 .debug_macro   0x00024ee7       0x35 ./Core/Src/adc.o
 .debug_macro   0x00024f1c      0xa91 ./Core/Src/adc.o
 .debug_macro   0x000259ad       0xa9 ./Core/Src/adc.o
 .debug_macro   0x00025a56      0x15b ./Core/Src/adc.o
 .debug_macro   0x00025bb1      0x130 ./Core/Src/adc.o
 .debug_macro   0x00025ce1      0x20b ./Core/Src/can.o
 .debug_macro   0x00025eec      0x221 ./Core/Src/can_driver.o
 .debug_macro   0x0002610d      0x20b ./Core/Src/dma.o
 .debug_macro   0x00026318      0x2bf ./Core/Src/freertos.o
 .debug_macro   0x000265d7      0x130 ./Core/Src/freertos.o
 .debug_macro   0x00026707      0x15a ./Core/Src/freertos.o
 .debug_macro   0x00026861       0xc9 ./Core/Src/freertos.o
 .debug_macro   0x0002692a       0x1c ./Core/Src/freertos.o
 .debug_macro   0x00026946       0x26 ./Core/Src/freertos.o
 .debug_macro   0x0002696c      0x4b0 ./Core/Src/freertos.o
 .debug_macro   0x00026e1c       0xb5 ./Core/Src/freertos.o
 .debug_macro   0x00026ed1       0xaa ./Core/Src/freertos.o
 .debug_macro   0x00026f7b       0x6c ./Core/Src/freertos.o
 .debug_macro   0x00026fe7       0x74 ./Core/Src/freertos.o
 .debug_macro   0x0002705b       0xdd ./Core/Src/freertos.o
 .debug_macro   0x00027138       0x5e ./Core/Src/freertos.o
 .debug_macro   0x00027196       0x52 ./Core/Src/freertos.o
 .debug_macro   0x000271e8      0x20b ./Core/Src/gpio.o
 .debug_macro   0x000273f3      0x2d4 ./Core/Src/main.o
 .debug_macro   0x000276c7      0x130 ./Core/Src/main.o
 .debug_macro   0x000277f7       0x66 ./Core/Src/main.o
 .debug_macro   0x0002785d      0x201 ./Core/Src/stm32f7xx_hal_msp.o
 .debug_macro   0x00027a5e      0x273 ./Core/Src/stm32f7xx_it.o
 .debug_macro   0x00027cd1      0x1f2 ./Core/Src/system_stm32f7xx.o
 .debug_macro   0x00027ec3      0x2fd ./Core/Src/temp_sensing.o
 .debug_macro   0x000281c0       0x61 ./Core/Src/temp_sensing.o
 .debug_macro   0x00028221      0x19b ./Core/Src/temp_sensing.o
 .debug_macro   0x000283bc       0x1c ./Core/Src/temp_sensing.o
 .debug_macro   0x000283d8      0x20b ./Core/Src/tim.o
 .debug_macro   0x000285e3      0x216 ./Drivers/STM32F7xx_HAL_Driver/Src/stm32f7xx_hal.o
 .debug_macro   0x000287f9      0x1f3 ./Drivers/STM32F7xx_HAL_Driver/Src/stm32f7xx_hal_adc.o
 .debug_macro   0x000289ec      0x201 ./Drivers/STM32F7xx_HAL_Driver/Src/stm32f7xx_hal_can.o
 .debug_macro   0x00028bed      0x1f2 ./Drivers/STM32F7xx_HAL_Driver/Src/stm32f7xx_hal_cortex.o
 .debug_macro   0x00028ddf      0x1f8 ./Drivers/STM32F7xx_HAL_Driver/Src/stm32f7xx_hal_dma.o
 .debug_macro   0x00028fd7      0x1f8 ./Drivers/STM32F7xx_HAL_Driver/Src/stm32f7xx_hal_gpio.o
 .debug_macro   0x000291cf      0x210 ./Drivers/STM32F7xx_HAL_Driver/Src/stm32f7xx_hal_pwr.o
 .debug_macro   0x000293df      0x20a ./Drivers/STM32F7xx_HAL_Driver/Src/stm32f7xx_hal_pwr_ex.o
 .debug_macro   0x000295e9      0x216 ./Drivers/STM32F7xx_HAL_Driver/Src/stm32f7xx_hal_rcc.o
 .debug_macro   0x000297ff      0x1f3 ./Drivers/STM32F7xx_HAL_Driver/Src/stm32f7xx_hal_tim.o
 .debug_macro   0x000299f2      0x1f2 ./Drivers/STM32F7xx_HAL_Driver/Src/stm32f7xx_hal_tim_ex.o
 .debug_macro   0x00029be4      0x247 ./Middlewares/Third_Party/FreeRTOS/Source/CMSIS_RTOS_V2/cmsis_os2.o
 .debug_macro   0x00029e2b       0x10 ./Middlewares/Third_Party/FreeRTOS/Source/CMSIS_RTOS_V2/cmsis_os2.o
 .debug_macro   0x00029e3b       0x20 ./Middlewares/Third_Party/FreeRTOS/Source/CMSIS_RTOS_V2/cmsis_os2.o
 .debug_macro   0x00029e5b       0x10 ./Middlewares/Third_Party/FreeRTOS/Source/CMSIS_RTOS_V2/cmsis_os2.o
 .debug_macro   0x00029e6b       0xd3 ./Middlewares/Third_Party/FreeRTOS/Source/CMSIS_RTOS_V2/cmsis_os2.o
 .debug_macro   0x00029f3e       0x91 ./Middlewares/Third_Party/FreeRTOS/Source/CMSIS_RTOS_V2/cmsis_os2.o
 .debug_macro   0x00029fcf       0x8d ./Middlewares/Third_Party/FreeRTOS/Source/CMSIS_RTOS_V2/cmsis_os2.o
 .debug_macro   0x0002a05c       0x9a ./Middlewares/Third_Party/FreeRTOS/Source/CMSIS_RTOS_V2/cmsis_os2.o
 .debug_macro   0x0002a0f6      0x187 ./Middlewares/Third_Party/FreeRTOS/Source/list.o
 .debug_macro   0x0002a27d      0x216 ./Middlewares/Third_Party/FreeRTOS/Source/queue.o
 .debug_macro   0x0002a493       0x16 ./Middlewares/Third_Party/FreeRTOS/Source/queue.o
 .debug_macro   0x0002a4a9       0x87 ./Middlewares/Third_Party/FreeRTOS/Source/queue.o
 .debug_macro   0x0002a530      0x27f ./Middlewares/Third_Party/FreeRTOS/Source/tasks.o
 .debug_macro   0x0002a7af       0x10 ./Middlewares/Third_Party/FreeRTOS/Source/tasks.o
 .debug_macro   0x0002a7bf      0x1dc ./Middlewares/Third_Party/FreeRTOS/Source/timers.o
 .debug_macro   0x0002a99b       0x97 ./Middlewares/Third_Party/FreeRTOS/Source/timers.o
 .debug_macro   0x0002aa32      0x184 ./Middlewares/Third_Party/FreeRTOS/Source/portable/GCC/ARM_CM7/r0p1/port.o
 .debug_macro   0x0002abb6      0x1ae ./Middlewares/Third_Party/FreeRTOS/Source/portable/MemMang/heap_4.o

.debug_line     0x00000000    0x1c43f
 .debug_line    0x00000000      0x91e ./Core/Src/adc.o
 .debug_line    0x0000091e      0x870 ./Core/Src/can.o
 .debug_line    0x0000118e      0x949 ./Core/Src/can_driver.o
 .debug_line    0x00001ad7      0x78a ./Core/Src/dma.o
 .debug_line    0x00002261      0x9c6 ./Core/Src/freertos.o
 .debug_line    0x00002c27      0x84a ./Core/Src/gpio.o
 .debug_line    0x00003471      0x9b5 ./Core/Src/main.o
 .debug_line    0x00003e26      0x78f ./Core/Src/stm32f7xx_hal_msp.o
 .debug_line    0x000045b5      0x953 ./Core/Src/stm32f7xx_it.o
 .debug_line    0x00004f08      0x811 ./Core/Src/system_stm32f7xx.o
 .debug_line    0x00005719      0xac2 ./Core/Src/temp_sensing.o